10:41:6: La clase base incluye el campo 'frmPrincipal', pero su tipo (System.Web.UI.HtmlControls.HtmlGenericControl) no es compatible con el tipo de control (System.Web.UI.HtmlControls.HtmlIframe).   en System.Web.Compilation.BaseTemplateCodeDomTreeGenerator.BuildFieldDeclaration(ControlBuilder builder)
   en System.Web.Compilation.BaseTemplateCodeDomTreeGenerator.BuildSourceDataTreeFromBuilder(ControlBuilder builder, Boolean fInTemplate, Boolean topLevelControlInTemplate, PropertyEntry pse)
   en System.Web.Compilation.BaseTemplateCodeDomTreeGenerator.BuildSourceDataTreeFromBuilder(ControlBuilder builder, Boolean fInTemplate, Boolean topLevelControlInTemplate, PropertyEntry pse)
   en System.Web.Compilation.BaseTemplateCodeDomTreeGenerator.BuildSourceDataTreeFromBuilder(ControlBuilder builder, Boolean fInTemplate, Boolean topLevelControlInTemplate, PropertyEntry pse)
   en System.Web.Compilation.TemplateControlCodeDomTreeGenerator.BuildMiscClassMembers()
   en System.Web.Compilation.PageCodeDomTreeGenerator.BuildMiscClassMembers()
   en System.Web.Compilation.BaseCodeDomTreeGenerator.BuildSourceDataTree()
   en System.Web.Compilation.BaseCodeDomTreeGenerator.GetCodeDomTree(CodeDomProvider codeDomProvider, StringResourceBuilder stringResourceBuilder, VirtualPath virtualPath)
   en System.Web.Compilation.BaseTemplateBuildProvider.GenerateCode(AssemblyBuilder assemblyBuilder)
   en System.Web.Compilation.AssemblyBuilder.AddBuildProvider(BuildProvider buildProvider)
11:50:23: La clase base incluye el campo 'frmPrincipal', pero su tipo (System.Web.UI.HtmlControls.HtmlGenericControl) no es compatible con el tipo de control (System.Web.UI.HtmlControls.HtmlIframe).   en System.Web.Compilation.BaseTemplateCodeDomTreeGenerator.BuildFieldDeclaration(ControlBuilder builder)
   en System.Web.Compilation.BaseTemplateCodeDomTreeGenerator.BuildSourceDataTreeFromBuilder(ControlBuilder builder, Boolean fInTemplate, Boolean topLevelControlInTemplate, PropertyEntry pse)
   en System.Web.Compilation.BaseTemplateCodeDomTreeGenerator.BuildSourceDataTreeFromBuilder(ControlBuilder builder, Boolean fInTemplate, Boolean topLevelControlInTemplate, PropertyEntry pse)
   en System.Web.Compilation.BaseTemplateCodeDomTreeGenerator.BuildSourceDataTreeFromBuilder(ControlBuilder builder, Boolean fInTemplate, Boolean topLevelControlInTemplate, PropertyEntry pse)
   en System.Web.Compilation.TemplateControlCodeDomTreeGenerator.BuildMiscClassMembers()
   en System.Web.Compilation.PageCodeDomTreeGenerator.BuildMiscClassMembers()
   en System.Web.Compilation.BaseCodeDomTreeGenerator.BuildSourceDataTree()
   en System.Web.Compilation.BaseCodeDomTreeGenerator.GetCodeDomTree(CodeDomProvider codeDomProvider, StringResourceBuilder stringResourceBuilder, VirtualPath virtualPath)
   en System.Web.Compilation.BaseTemplateBuildProvider.GenerateCode(AssemblyBuilder assemblyBuilder)
   en System.Web.Compilation.AssemblyBuilder.AddBuildProvider(BuildProvider buildProvider)
12:18:36: La clase base incluye el campo 'frmPrincipal', pero su tipo (System.Web.UI.HtmlControls.HtmlGenericControl) no es compatible con el tipo de control (System.Web.UI.HtmlControls.HtmlIframe).   en System.Web.Compilation.BaseTemplateCodeDomTreeGenerator.BuildFieldDeclaration(ControlBuilder builder)
   en System.Web.Compilation.BaseTemplateCodeDomTreeGenerator.BuildSourceDataTreeFromBuilder(ControlBuilder builder, Boolean fInTemplate, Boolean topLevelControlInTemplate, PropertyEntry pse)
   en System.Web.Compilation.BaseTemplateCodeDomTreeGenerator.BuildSourceDataTreeFromBuilder(ControlBuilder builder, Boolean fInTemplate, Boolean topLevelControlInTemplate, PropertyEntry pse)
   en System.Web.Compilation.BaseTemplateCodeDomTreeGenerator.BuildSourceDataTreeFromBuilder(ControlBuilder builder, Boolean fInTemplate, Boolean topLevelControlInTemplate, PropertyEntry pse)
   en System.Web.Compilation.TemplateControlCodeDomTreeGenerator.BuildMiscClassMembers()
   en System.Web.Compilation.PageCodeDomTreeGenerator.BuildMiscClassMembers()
   en System.Web.Compilation.BaseCodeDomTreeGenerator.BuildSourceDataTree()
   en System.Web.Compilation.BaseCodeDomTreeGenerator.GetCodeDomTree(CodeDomProvider codeDomProvider, StringResourceBuilder stringResourceBuilder, VirtualPath virtualPath)
   en System.Web.Compilation.BaseTemplateBuildProvider.GenerateCode(AssemblyBuilder assemblyBuilder)
   en System.Web.Compilation.AssemblyBuilder.AddBuildProvider(BuildProvider buildProvider)
12:23:38: Se produjo un error durante el intento de conexión ya que la parte conectada no respondió adecuadamente tras un periodo de tiempo, o bien se produjo un error en la conexión establecida ya que el host conectado no ha podido responder 50.112.125.138:80   en System.Net.Sockets.Socket.DoConnect(EndPoint endPointSnapshot, SocketAddress socketAddress)
   en System.Net.ServicePoint.ConnectSocketInternal(Boolean connectFailure, Socket s4, Socket s6, Socket& socket, IPAddress& address, ConnectSocketState state, IAsyncResult asyncResult, Exception& exception)
12:24:11: Se produjo un error durante el intento de conexión ya que la parte conectada no respondió adecuadamente tras un periodo de tiempo, o bien se produjo un error en la conexión establecida ya que el host conectado no ha podido responder 50.112.125.138:80   en System.Net.Sockets.Socket.DoConnect(EndPoint endPointSnapshot, SocketAddress socketAddress)
   en System.Net.ServicePoint.ConnectSocketInternal(Boolean connectFailure, Socket s4, Socket s6, Socket& socket, IPAddress& address, ConnectSocketState state, IAsyncResult asyncResult, Exception& exception)
12:25:32: Se produjo un error durante el intento de conexión ya que la parte conectada no respondió adecuadamente tras un periodo de tiempo, o bien se produjo un error en la conexión establecida ya que el host conectado no ha podido responder 50.112.125.138:80   en System.Net.Sockets.Socket.DoConnect(EndPoint endPointSnapshot, SocketAddress socketAddress)
   en System.Net.ServicePoint.ConnectSocketInternal(Boolean connectFailure, Socket s4, Socket s6, Socket& socket, IPAddress& address, ConnectSocketState state, IAsyncResult asyncResult, Exception& exception)
12:29:14: Se produjo un error durante el intento de conexión ya que la parte conectada no respondió adecuadamente tras un periodo de tiempo, o bien se produjo un error en la conexión establecida ya que el host conectado no ha podido responder 50.112.125.138:80   en System.Net.Sockets.Socket.DoConnect(EndPoint endPointSnapshot, SocketAddress socketAddress)
   en System.Net.ServicePoint.ConnectSocketInternal(Boolean connectFailure, Socket s4, Socket s6, Socket& socket, IPAddress& address, ConnectSocketState state, IAsyncResult asyncResult, Exception& exception)
