10:25:29: No se puede encontrar la tabla 3.   en System.Data.DataTableCollection.get_Item(Int32 index)
   en RateManager.clsGetAvail.ApplyRulesRatesRoom(DataSet& ds, DataTable& dt, DataRow[] drsGral, Byte& minStay, Byte MaxStay, Byte AdvBook, String StatusAvail, DateTime checkin, String& et, String rateCode) en C:\Users\josenunez\Documents\Proyectos Univisit\RateManagerCss\RateManagerCss\RateManagerCss\HotelAdministrator\clsGetAvail.vb:línea 200
   en RateManager.clsGetAvail.GetAvail(DateTime checkin, DateTime checkout, Int32 idhotel, String ratecode) en C:\Users\josenunez\Documents\Proyectos Univisit\RateManagerCss\RateManagerCss\RateManagerCss\HotelAdministrator\clsGetAvail.vb:línea 110
   en RateManager.AvailabilityRestrictions.LoadDataByRP() en C:\Users\josenunez\Documents\Proyectos Univisit\RateManagerCss\RateManagerCss\RateManagerCss\Pages\AvailabilityRestrictions.aspx.vb:línea 1766
   en RateManager.AvailabilityRestrictions.Page_PreRender1(Object sender, EventArgs e) en C:\Users\josenunez\Documents\Proyectos Univisit\RateManagerCss\RateManagerCss\RateManagerCss\Pages\AvailabilityRestrictions.aspx.vb:línea 764
   en System.EventHandler.Invoke(Object sender, EventArgs e)
   en System.Web.UI.Control.OnPreRender(EventArgs e)
   en System.Web.UI.Control.PreRenderRecursiveInternal()
   en System.Web.UI.Page.ProcessRequestMain(Boolean includeStagesBeforeAsyncPoint, Boolean includeStagesAfterAsyncPoint)
10:47:55: No se puede encontrar la tabla 3.   en System.Data.DataTableCollection.get_Item(Int32 index)
   en RateManager.clsGetAvail.ApplyRulesRatesRoom(DataSet& ds, DataTable& dt, DataRow[] drsGral, Byte& minStay, Byte MaxStay, Byte AdvBook, String StatusAvail, DateTime checkin, String& et, String rateCode) en C:\Users\josenunez\Documents\Proyectos Univisit\RateManagerCss\RateManagerCss\RateManagerCss\HotelAdministrator\clsGetAvail.vb:línea 200
   en RateManager.clsGetAvail.GetAvail(DateTime checkin, DateTime checkout, Int32 idhotel, String ratecode) en C:\Users\josenunez\Documents\Proyectos Univisit\RateManagerCss\RateManagerCss\RateManagerCss\HotelAdministrator\clsGetAvail.vb:línea 110
   en RateManager.AvailabilityRestrictions.LoadDataByRP() en C:\Users\josenunez\Documents\Proyectos Univisit\RateManagerCss\RateManagerCss\RateManagerCss\Pages\AvailabilityRestrictions.aspx.vb:línea 1766
   en RateManager.AvailabilityRestrictions.Page_PreRender1(Object sender, EventArgs e) en C:\Users\josenunez\Documents\Proyectos Univisit\RateManagerCss\RateManagerCss\RateManagerCss\Pages\AvailabilityRestrictions.aspx.vb:línea 764
   en System.EventHandler.Invoke(Object sender, EventArgs e)
   en System.Web.UI.Control.OnPreRender(EventArgs e)
   en System.Web.UI.Control.PreRenderRecursiveInternal()
   en System.Web.UI.Page.ProcessRequestMain(Boolean includeStagesBeforeAsyncPoint, Boolean includeStagesAfterAsyncPoint)
11:21:44: No se puede encontrar la tabla 3.   en System.Data.DataTableCollection.get_Item(Int32 index)
   en RateManager.clsGetAvail.ApplyRulesRatesRoom(DataSet& ds, DataTable& dt, DataRow[] drsGral, Byte& minStay, Byte MaxStay, Byte AdvBook, String StatusAvail, DateTime checkin, String& et, String rateCode) en C:\Users\josenunez\Documents\Proyectos Univisit\RateManagerCss\RateManagerCss\RateManagerCss\HotelAdministrator\clsGetAvail.vb:línea 200
   en RateManager.clsGetAvail.GetAvail(DateTime checkin, DateTime checkout, Int32 idhotel, String ratecode) en C:\Users\josenunez\Documents\Proyectos Univisit\RateManagerCss\RateManagerCss\RateManagerCss\HotelAdministrator\clsGetAvail.vb:línea 110
   en RateManager.AvailabilityRestrictions.LoadDataByRP() en C:\Users\josenunez\Documents\Proyectos Univisit\RateManagerCss\RateManagerCss\RateManagerCss\Pages\AvailabilityRestrictions.aspx.vb:línea 1766
   en RateManager.AvailabilityRestrictions.Page_PreRender1(Object sender, EventArgs e) en C:\Users\josenunez\Documents\Proyectos Univisit\RateManagerCss\RateManagerCss\RateManagerCss\Pages\AvailabilityRestrictions.aspx.vb:línea 764
   en System.EventHandler.Invoke(Object sender, EventArgs e)
   en System.Web.UI.Control.OnPreRender(EventArgs e)
   en System.Web.UI.Control.PreRenderRecursiveInternal()
   en System.Web.UI.Page.ProcessRequestMain(Boolean includeStagesBeforeAsyncPoint, Boolean includeStagesAfterAsyncPoint)
11:28:53: No se puede encontrar la tabla 3.   en System.Data.DataTableCollection.get_Item(Int32 index)
   en RateManager.clsGetAvail.ApplyRulesRatesRoom(DataSet& ds, DataTable& dt, DataRow[] drsGral, Byte& minStay, Byte MaxStay, Byte AdvBook, String StatusAvail, DateTime checkin, String& et, String rateCode) en C:\Users\josenunez\Documents\Proyectos Univisit\RateManagerCss\RateManagerCss\RateManagerCss\HotelAdministrator\clsGetAvail.vb:línea 200
   en RateManager.clsGetAvail.GetAvail(DateTime checkin, DateTime checkout, Int32 idhotel, String ratecode) en C:\Users\josenunez\Documents\Proyectos Univisit\RateManagerCss\RateManagerCss\RateManagerCss\HotelAdministrator\clsGetAvail.vb:línea 110
   en RateManager.AvailabilityRestrictions.LoadDataByRP() en C:\Users\josenunez\Documents\Proyectos Univisit\RateManagerCss\RateManagerCss\RateManagerCss\Pages\AvailabilityRestrictions.aspx.vb:línea 1766
   en RateManager.AvailabilityRestrictions.Page_PreRender1(Object sender, EventArgs e) en C:\Users\josenunez\Documents\Proyectos Univisit\RateManagerCss\RateManagerCss\RateManagerCss\Pages\AvailabilityRestrictions.aspx.vb:línea 764
   en System.EventHandler.Invoke(Object sender, EventArgs e)
   en System.Web.UI.Control.OnPreRender(EventArgs e)
   en System.Web.UI.Control.PreRenderRecursiveInternal()
   en System.Web.UI.Page.ProcessRequestMain(Boolean includeStagesBeforeAsyncPoint, Boolean includeStagesAfterAsyncPoint)
11:29:44: No se puede encontrar la tabla 3.   en System.Data.DataTableCollection.get_Item(Int32 index)
   en RateManager.clsGetAvail.ApplyRulesRatesRoom(DataSet& ds, DataTable& dt, DataRow[] drsGral, Byte& minStay, Byte MaxStay, Byte AdvBook, String StatusAvail, DateTime checkin, String& et, String rateCode) en C:\Users\josenunez\Documents\Proyectos Univisit\RateManagerCss\RateManagerCss\RateManagerCss\HotelAdministrator\clsGetAvail.vb:línea 200
   en RateManager.clsGetAvail.GetAvail(DateTime checkin, DateTime checkout, Int32 idhotel, String ratecode) en C:\Users\josenunez\Documents\Proyectos Univisit\RateManagerCss\RateManagerCss\RateManagerCss\HotelAdministrator\clsGetAvail.vb:línea 110
   en RateManager.AvailabilityRestrictions.LoadDataByRP() en C:\Users\josenunez\Documents\Proyectos Univisit\RateManagerCss\RateManagerCss\RateManagerCss\Pages\AvailabilityRestrictions.aspx.vb:línea 1766
   en RateManager.AvailabilityRestrictions.Page_PreRender1(Object sender, EventArgs e) en C:\Users\josenunez\Documents\Proyectos Univisit\RateManagerCss\RateManagerCss\RateManagerCss\Pages\AvailabilityRestrictions.aspx.vb:línea 764
   en System.EventHandler.Invoke(Object sender, EventArgs e)
   en System.Web.UI.Control.OnPreRender(EventArgs e)
   en System.Web.UI.Control.PreRenderRecursiveInternal()
   en System.Web.UI.Page.ProcessRequestMain(Boolean includeStagesBeforeAsyncPoint, Boolean includeStagesAfterAsyncPoint)
