11:0:50: Referencia a objeto no establecida como instancia de un objeto.   en RateManager.RetentionsConfig.chkHabilitado_OnPreRender(Object sender, EventArgs e) en C:\Users\josenunez\Documents\Proyectos Univisit\RateManagerCss\RateManagerCss\RateManagerCss\HotelAdministrator\Pages\RetentionsConfig.aspx.vb:línea 249
   en System.Web.UI.Control.OnPreRender(EventArgs e)
   en System.Web.UI.WebControls.CheckBox.OnPreRender(EventArgs e)
   en System.Web.UI.Control.PreRenderRecursiveInternal()
   en System.Web.UI.Control.PreRenderRecursiveInternal()
   en System.Web.UI.Control.PreRenderRecursiveInternal()
   en System.Web.UI.Control.PreRenderRecursiveInternal()
   en System.Web.UI.Control.PreRenderRecursiveInternal()
   en System.Web.UI.Control.PreRenderRecursiveInternal()
   en System.Web.UI.Control.PreRenderRecursiveInternal()
   en System.Web.UI.Control.PreRenderRecursiveInternal()
   en System.Web.UI.Page.ProcessRequestMain(Boolean includeStagesBeforeAsyncPoint, Boolean includeStagesAfterAsyncPoint)
11:2:8: Public member 'FirstOrDefault' on type 'ObjectSet(Of IPR_Configuracion)' not found.   en Microsoft.VisualBasic.CompilerServices.Symbols.Container.GetMembers(String& MemberName, Boolean ReportErrors)
   en Microsoft.VisualBasic.CompilerServices.NewLateBinding.ObjectLateGet(Object Instance, Type Type, String MemberName, Object[] Arguments, String[] ArgumentNames, Type[] TypeArguments, Boolean[] CopyBack)
   en Microsoft.VisualBasic.CompilerServices.NewLateBinding.LateGet(Object Instance, Type Type, String MemberName, Object[] Arguments, String[] ArgumentNames, Type[] TypeArguments, Boolean[] CopyBack)
   en RateManager.RetentionsConfig.btnNuevoGuardar_OnClick(Object sender, EventArgs e) en C:\Users\josenunez\Documents\Proyectos Univisit\RateManagerCss\RateManagerCss\RateManagerCss\HotelAdministrator\Pages\RetentionsConfig.aspx.vb:línea 276
   en System.Web.UI.WebControls.Button.OnClick(EventArgs e)
   en System.Web.UI.WebControls.Button.RaisePostBackEvent(String eventArgument)
   en System.Web.UI.WebControls.Button.System.Web.UI.IPostBackEventHandler.RaisePostBackEvent(String eventArgument)
   en System.Web.UI.Page.RaisePostBackEvent(IPostBackEventHandler sourceControl, String eventArgument)
   en System.Web.UI.Page.RaisePostBackEvent(NameValueCollection postData)
   en System.Web.UI.Page.ProcessRequestMain(Boolean includeStagesBeforeAsyncPoint, Boolean includeStagesAfterAsyncPoint)
12:5:25: Public member 'FirstOrDefault' on type 'ObjectSet(Of IPR_Configuracion)' not found.   en Microsoft.VisualBasic.CompilerServices.Symbols.Container.GetMembers(String& MemberName, Boolean ReportErrors)
   en Microsoft.VisualBasic.CompilerServices.NewLateBinding.ObjectLateGet(Object Instance, Type Type, String MemberName, Object[] Arguments, String[] ArgumentNames, Type[] TypeArguments, Boolean[] CopyBack)
   en Microsoft.VisualBasic.CompilerServices.NewLateBinding.LateGet(Object Instance, Type Type, String MemberName, Object[] Arguments, String[] ArgumentNames, Type[] TypeArguments, Boolean[] CopyBack)
   en RateManager.RetentionsConfig.btnNuevoGuardar_OnClick(Object sender, EventArgs e) en C:\Users\josenunez\Documents\Proyectos Univisit\RateManagerCss\RateManagerCss\RateManagerCss\HotelAdministrator\Pages\RetentionsConfig.aspx.vb:línea 276
   en System.Web.UI.WebControls.Button.OnClick(EventArgs e)
   en System.Web.UI.WebControls.Button.RaisePostBackEvent(String eventArgument)
   en System.Web.UI.WebControls.Button.System.Web.UI.IPostBackEventHandler.RaisePostBackEvent(String eventArgument)
   en System.Web.UI.Page.RaisePostBackEvent(IPostBackEventHandler sourceControl, String eventArgument)
   en System.Web.UI.Page.RaisePostBackEvent(NameValueCollection postData)
   en System.Web.UI.Page.ProcessRequestMain(Boolean includeStagesBeforeAsyncPoint, Boolean includeStagesAfterAsyncPoint)
12:5:26: Public member 'FirstOrDefault' on type 'ObjectSet(Of IPR_Configuracion)' not found.   en Microsoft.VisualBasic.CompilerServices.Symbols.Container.GetMembers(String& MemberName, Boolean ReportErrors)
   en Microsoft.VisualBasic.CompilerServices.NewLateBinding.ObjectLateGet(Object Instance, Type Type, String MemberName, Object[] Arguments, String[] ArgumentNames, Type[] TypeArguments, Boolean[] CopyBack)
   en Microsoft.VisualBasic.CompilerServices.NewLateBinding.LateGet(Object Instance, Type Type, String MemberName, Object[] Arguments, String[] ArgumentNames, Type[] TypeArguments, Boolean[] CopyBack)
   en RateManager.RetentionsConfig.btnNuevoGuardar_OnClick(Object sender, EventArgs e) en C:\Users\josenunez\Documents\Proyectos Univisit\RateManagerCss\RateManagerCss\RateManagerCss\HotelAdministrator\Pages\RetentionsConfig.aspx.vb:línea 276
   en System.Web.UI.WebControls.Button.OnClick(EventArgs e)
   en System.Web.UI.WebControls.Button.RaisePostBackEvent(String eventArgument)
   en System.Web.UI.WebControls.Button.System.Web.UI.IPostBackEventHandler.RaisePostBackEvent(String eventArgument)
   en System.Web.UI.Page.RaisePostBackEvent(IPostBackEventHandler sourceControl, String eventArgument)
   en System.Web.UI.Page.RaisePostBackEvent(NameValueCollection postData)
   en System.Web.UI.Page.ProcessRequestMain(Boolean includeStagesBeforeAsyncPoint, Boolean includeStagesAfterAsyncPoint)
12:11:25: Referencia a objeto no establecida como instancia de un objeto.   en RateManager.RetentionsConfig.chkHabilitado_OnPreRender(Object sender, EventArgs e) en C:\Users\josenunez\Documents\Proyectos Univisit\RateManagerCss\RateManagerCss\RateManagerCss\HotelAdministrator\Pages\RetentionsConfig.aspx.vb:línea 249
   en System.Web.UI.Control.OnPreRender(EventArgs e)
   en System.Web.UI.WebControls.CheckBox.OnPreRender(EventArgs e)
   en System.Web.UI.Control.PreRenderRecursiveInternal()
   en System.Web.UI.Control.PreRenderRecursiveInternal()
   en System.Web.UI.Control.PreRenderRecursiveInternal()
   en System.Web.UI.Control.PreRenderRecursiveInternal()
   en System.Web.UI.Control.PreRenderRecursiveInternal()
   en System.Web.UI.Control.PreRenderRecursiveInternal()
   en System.Web.UI.Control.PreRenderRecursiveInternal()
   en System.Web.UI.Control.PreRenderRecursiveInternal()
   en System.Web.UI.Page.ProcessRequestMain(Boolean includeStagesBeforeAsyncPoint, Boolean includeStagesAfterAsyncPoint)
12:18:42: Referencia a objeto no establecida como instancia de un objeto.   en RateManager.RetentionsConfig.chkHabilitado_OnPreRender(Object sender, EventArgs e) en C:\Users\josenunez\Documents\Proyectos Univisit\RateManagerCss\RateManagerCss\RateManagerCss\HotelAdministrator\Pages\RetentionsConfig.aspx.vb:línea 249
   en System.Web.UI.Control.OnPreRender(EventArgs e)
   en System.Web.UI.WebControls.CheckBox.OnPreRender(EventArgs e)
   en System.Web.UI.Control.PreRenderRecursiveInternal()
   en System.Web.UI.Control.PreRenderRecursiveInternal()
   en System.Web.UI.Control.PreRenderRecursiveInternal()
   en System.Web.UI.Control.PreRenderRecursiveInternal()
   en System.Web.UI.Control.PreRenderRecursiveInternal()
   en System.Web.UI.Control.PreRenderRecursiveInternal()
   en System.Web.UI.Control.PreRenderRecursiveInternal()
   en System.Web.UI.Control.PreRenderRecursiveInternal()
   en System.Web.UI.Page.ProcessRequestMain(Boolean includeStagesBeforeAsyncPoint, Boolean includeStagesAfterAsyncPoint)
12:20:6: Referencia a objeto no establecida como instancia de un objeto.   en RateManager.RetentionsConfig.chkHabilitado_OnPreRender(Object sender, EventArgs e) en C:\Users\josenunez\Documents\Proyectos Univisit\RateManagerCss\RateManagerCss\RateManagerCss\HotelAdministrator\Pages\RetentionsConfig.aspx.vb:línea 249
   en System.Web.UI.Control.OnPreRender(EventArgs e)
   en System.Web.UI.WebControls.CheckBox.OnPreRender(EventArgs e)
   en System.Web.UI.Control.PreRenderRecursiveInternal()
   en System.Web.UI.Control.PreRenderRecursiveInternal()
   en System.Web.UI.Control.PreRenderRecursiveInternal()
   en System.Web.UI.Control.PreRenderRecursiveInternal()
   en System.Web.UI.Control.PreRenderRecursiveInternal()
   en System.Web.UI.Control.PreRenderRecursiveInternal()
   en System.Web.UI.Control.PreRenderRecursiveInternal()
   en System.Web.UI.Control.PreRenderRecursiveInternal()
   en System.Web.UI.Page.ProcessRequestMain(Boolean includeStagesBeforeAsyncPoint, Boolean includeStagesAfterAsyncPoint)
12:24:24: Referencia a objeto no establecida como instancia de un objeto.   en RateManager.RetentionsConfig.chkHabilitado_OnPreRender(Object sender, EventArgs e) en C:\Users\josenunez\Documents\Proyectos Univisit\RateManagerCss\RateManagerCss\RateManagerCss\HotelAdministrator\Pages\RetentionsConfig.aspx.vb:línea 249
   en System.Web.UI.Control.OnPreRender(EventArgs e)
   en System.Web.UI.WebControls.CheckBox.OnPreRender(EventArgs e)
   en System.Web.UI.Control.PreRenderRecursiveInternal()
   en System.Web.UI.Control.PreRenderRecursiveInternal()
   en System.Web.UI.Control.PreRenderRecursiveInternal()
   en System.Web.UI.Control.PreRenderRecursiveInternal()
   en System.Web.UI.Control.PreRenderRecursiveInternal()
   en System.Web.UI.Control.PreRenderRecursiveInternal()
   en System.Web.UI.Control.PreRenderRecursiveInternal()
   en System.Web.UI.Control.PreRenderRecursiveInternal()
   en System.Web.UI.Page.ProcessRequestMain(Boolean includeStagesBeforeAsyncPoint, Boolean includeStagesAfterAsyncPoint)
12:27:2: Referencia a objeto no establecida como instancia de un objeto.   en RateManager.RetentionsConfig.chkHabilitado_OnPreRender(Object sender, EventArgs e) en C:\Users\josenunez\Documents\Proyectos Univisit\RateManagerCss\RateManagerCss\RateManagerCss\HotelAdministrator\Pages\RetentionsConfig.aspx.vb:línea 249
   en System.Web.UI.Control.OnPreRender(EventArgs e)
   en System.Web.UI.WebControls.CheckBox.OnPreRender(EventArgs e)
   en System.Web.UI.Control.PreRenderRecursiveInternal()
   en System.Web.UI.Control.PreRenderRecursiveInternal()
   en System.Web.UI.Control.PreRenderRecursiveInternal()
   en System.Web.UI.Control.PreRenderRecursiveInternal()
   en System.Web.UI.Control.PreRenderRecursiveInternal()
   en System.Web.UI.Control.PreRenderRecursiveInternal()
   en System.Web.UI.Control.PreRenderRecursiveInternal()
   en System.Web.UI.Control.PreRenderRecursiveInternal()
   en System.Web.UI.Page.ProcessRequestMain(Boolean includeStagesBeforeAsyncPoint, Boolean includeStagesAfterAsyncPoint)
12:28:59: La clase base incluye el campo 'frmPrincipal', pero su tipo (System.Web.UI.HtmlControls.HtmlGenericControl) no es compatible con el tipo de control (System.Web.UI.HtmlControls.HtmlIframe).   en System.Web.Compilation.BaseTemplateCodeDomTreeGenerator.BuildFieldDeclaration(ControlBuilder builder)
   en System.Web.Compilation.BaseTemplateCodeDomTreeGenerator.BuildSourceDataTreeFromBuilder(ControlBuilder builder, Boolean fInTemplate, Boolean topLevelControlInTemplate, PropertyEntry pse)
   en System.Web.Compilation.BaseTemplateCodeDomTreeGenerator.BuildSourceDataTreeFromBuilder(ControlBuilder builder, Boolean fInTemplate, Boolean topLevelControlInTemplate, PropertyEntry pse)
   en System.Web.Compilation.BaseTemplateCodeDomTreeGenerator.BuildSourceDataTreeFromBuilder(ControlBuilder builder, Boolean fInTemplate, Boolean topLevelControlInTemplate, PropertyEntry pse)
   en System.Web.Compilation.TemplateControlCodeDomTreeGenerator.BuildMiscClassMembers()
   en System.Web.Compilation.PageCodeDomTreeGenerator.BuildMiscClassMembers()
   en System.Web.Compilation.BaseCodeDomTreeGenerator.BuildSourceDataTree()
   en System.Web.Compilation.BaseCodeDomTreeGenerator.GetCodeDomTree(CodeDomProvider codeDomProvider, StringResourceBuilder stringResourceBuilder, VirtualPath virtualPath)
   en System.Web.Compilation.BaseTemplateBuildProvider.GenerateCode(AssemblyBuilder assemblyBuilder)
   en System.Web.Compilation.AssemblyBuilder.AddBuildProvider(BuildProvider buildProvider)
12:32:53: Referencia a objeto no establecida como instancia de un objeto.   en RateManager.RetentionsConfig.chkHabilitado_OnPreRender(Object sender, EventArgs e) en C:\Users\josenunez\Documents\Proyectos Univisit\RateManagerCss\RateManagerCss\RateManagerCss\HotelAdministrator\Pages\RetentionsConfig.aspx.vb:línea 249
   en System.Web.UI.Control.OnPreRender(EventArgs e)
   en System.Web.UI.WebControls.CheckBox.OnPreRender(EventArgs e)
   en System.Web.UI.Control.PreRenderRecursiveInternal()
   en System.Web.UI.Control.PreRenderRecursiveInternal()
   en System.Web.UI.Control.PreRenderRecursiveInternal()
   en System.Web.UI.Control.PreRenderRecursiveInternal()
   en System.Web.UI.Control.PreRenderRecursiveInternal()
   en System.Web.UI.Control.PreRenderRecursiveInternal()
   en System.Web.UI.Control.PreRenderRecursiveInternal()
   en System.Web.UI.Control.PreRenderRecursiveInternal()
   en System.Web.UI.Page.ProcessRequestMain(Boolean includeStagesBeforeAsyncPoint, Boolean includeStagesAfterAsyncPoint)
13:26:34: LINQ to Entities no reconoce el método 'System.Object CompareObjectEqual(System.Object, System.Object, Boolean)' del método, y este método no se puede traducir en una expresión de almacén.   en System.Data.Objects.ELinq.ExpressionConverter.MethodCallTranslator.DefaultTranslator.Translate(ExpressionConverter parent, MethodCallExpression call)
   en System.Data.Objects.ELinq.ExpressionConverter.MethodCallTranslator.TypedTranslate(ExpressionConverter parent, MethodCallExpression linq)
   en System.Data.Objects.ELinq.ExpressionConverter.TypedTranslator`1.Translate(ExpressionConverter parent, Expression linq)
   en System.Data.Objects.ELinq.ExpressionConverter.TranslateExpression(Expression linq)
   en System.Data.Objects.ELinq.ExpressionConverter.UnaryTranslator.TypedTranslate(ExpressionConverter parent, UnaryExpression linq)
   en System.Data.Objects.ELinq.ExpressionConverter.TypedTranslator`1.Translate(ExpressionConverter parent, Expression linq)
   en System.Data.Objects.ELinq.ExpressionConverter.TranslateExpression(Expression linq)
   en System.Data.Objects.ELinq.ExpressionConverter.TranslateLambda(LambdaExpression lambda, DbExpression input)
   en System.Data.Objects.ELinq.ExpressionConverter.TranslateLambda(LambdaExpression lambda, DbExpression input, DbExpressionBinding& binding)
   en System.Data.Objects.ELinq.ExpressionConverter.MethodCallTranslator.OneLambdaTranslator.Translate(ExpressionConverter parent, MethodCallExpression call, DbExpression& source, DbExpressionBinding& sourceBinding, DbExpression& lambda)
   en System.Data.Objects.ELinq.ExpressionConverter.MethodCallTranslator.FirstPredicateTranslatorBase.Translate(ExpressionConverter parent, MethodCallExpression call)
   en System.Data.Objects.ELinq.ExpressionConverter.MethodCallTranslator.SequenceMethodTranslator.Translate(ExpressionConverter parent, MethodCallExpression call, SequenceMethod sequenceMethod)
   en System.Data.Objects.ELinq.ExpressionConverter.MethodCallTranslator.TypedTranslate(ExpressionConverter parent, MethodCallExpression linq)
   en System.Data.Objects.ELinq.ExpressionConverter.TypedTranslator`1.Translate(ExpressionConverter parent, Expression linq)
   en System.Data.Objects.ELinq.ExpressionConverter.TranslateExpression(Expression linq)
   en System.Data.Objects.ELinq.ExpressionConverter.Convert()
   en System.Data.Objects.ELinq.ELinqQueryState.GetExecutionPlan(Nullable`1 forMergeOption)
   en System.Data.Objects.ObjectQuery`1.GetResults(Nullable`1 forMergeOption)
   en System.Data.Objects.ObjectQuery`1.System.Collections.Generic.IEnumerable<T>.GetEnumerator()
   en System.Linq.Enumerable.FirstOrDefault[TSource](IEnumerable`1 source)
   en System.Data.Objects.ELinq.ObjectQueryProvider.<>c__11`1.<GetElementFunction>b__11_1(IEnumerable`1 sequence)
   en System.Data.Objects.ELinq.ObjectQueryProvider.ExecuteSingle[TResult](IEnumerable`1 query, Expression queryRoot)
   en System.Data.Objects.ELinq.ObjectQueryProvider.System.Linq.IQueryProvider.Execute[S](Expression expression)
   en System.Linq.Queryable.FirstOrDefault[TSource](IQueryable`1 source, Expression`1 predicate)
   en RateManager.RetentionsConfig.gridMessages_RowUpdating(Object sender, GridViewUpdateEventArgs e) en C:\Users\josenunez\Documents\Proyectos Univisit\RateManagerCss\RateManagerCss\RateManagerCss\HotelAdministrator\Pages\RetentionsConfig.aspx.vb:línea 147
   en System.Web.UI.WebControls.GridView.OnRowUpdating(GridViewUpdateEventArgs e)
   en System.Web.UI.WebControls.GridView.HandleUpdate(GridViewRow row, Int32 rowIndex, Boolean causesValidation)
   en System.Web.UI.WebControls.GridView.HandleEvent(EventArgs e, Boolean causesValidation, String validationGroup)
   en System.Web.UI.WebControls.GridView.OnBubbleEvent(Object source, EventArgs e)
   en System.Web.UI.Control.RaiseBubbleEvent(Object source, EventArgs args)
   en System.Web.UI.WebControls.GridViewRow.OnBubbleEvent(Object source, EventArgs e)
   en System.Web.UI.Control.RaiseBubbleEvent(Object source, EventArgs args)
   en System.Web.UI.WebControls.LinkButton.OnCommand(CommandEventArgs e)
   en System.Web.UI.WebControls.LinkButton.RaisePostBackEvent(String eventArgument)
   en System.Web.UI.WebControls.LinkButton.System.Web.UI.IPostBackEventHandler.RaisePostBackEvent(String eventArgument)
   en System.Web.UI.Page.RaisePostBackEvent(IPostBackEventHandler sourceControl, String eventArgument)
   en System.Web.UI.Page.RaisePostBackEvent(NameValueCollection postData)
   en System.Web.UI.Page.ProcessRequestMain(Boolean includeStagesBeforeAsyncPoint, Boolean includeStagesAfterAsyncPoint)
13:36:46: La clase base incluye el campo 'frmPrincipal', pero su tipo (System.Web.UI.HtmlControls.HtmlGenericControl) no es compatible con el tipo de control (System.Web.UI.HtmlControls.HtmlIframe).   en System.Web.Compilation.BaseTemplateCodeDomTreeGenerator.BuildFieldDeclaration(ControlBuilder builder)
   en System.Web.Compilation.BaseTemplateCodeDomTreeGenerator.BuildSourceDataTreeFromBuilder(ControlBuilder builder, Boolean fInTemplate, Boolean topLevelControlInTemplate, PropertyEntry pse)
   en System.Web.Compilation.BaseTemplateCodeDomTreeGenerator.BuildSourceDataTreeFromBuilder(ControlBuilder builder, Boolean fInTemplate, Boolean topLevelControlInTemplate, PropertyEntry pse)
   en System.Web.Compilation.BaseTemplateCodeDomTreeGenerator.BuildSourceDataTreeFromBuilder(ControlBuilder builder, Boolean fInTemplate, Boolean topLevelControlInTemplate, PropertyEntry pse)
   en System.Web.Compilation.TemplateControlCodeDomTreeGenerator.BuildMiscClassMembers()
   en System.Web.Compilation.PageCodeDomTreeGenerator.BuildMiscClassMembers()
   en System.Web.Compilation.BaseCodeDomTreeGenerator.BuildSourceDataTree()
   en System.Web.Compilation.BaseCodeDomTreeGenerator.GetCodeDomTree(CodeDomProvider codeDomProvider, StringResourceBuilder stringResourceBuilder, VirtualPath virtualPath)
   en System.Web.Compilation.BaseTemplateBuildProvider.GenerateCode(AssemblyBuilder assemblyBuilder)
   en System.Web.Compilation.AssemblyBuilder.AddBuildProvider(BuildProvider buildProvider)
13:37:56: LINQ to Entities no reconoce el método 'System.Object CompareObjectEqual(System.Object, System.Object, Boolean)' del método, y este método no se puede traducir en una expresión de almacén.   en System.Data.Objects.ELinq.ExpressionConverter.MethodCallTranslator.DefaultTranslator.Translate(ExpressionConverter parent, MethodCallExpression call)
   en System.Data.Objects.ELinq.ExpressionConverter.MethodCallTranslator.TypedTranslate(ExpressionConverter parent, MethodCallExpression linq)
   en System.Data.Objects.ELinq.ExpressionConverter.TypedTranslator`1.Translate(ExpressionConverter parent, Expression linq)
   en System.Data.Objects.ELinq.ExpressionConverter.TranslateExpression(Expression linq)
   en System.Data.Objects.ELinq.ExpressionConverter.UnaryTranslator.TypedTranslate(ExpressionConverter parent, UnaryExpression linq)
   en System.Data.Objects.ELinq.ExpressionConverter.TypedTranslator`1.Translate(ExpressionConverter parent, Expression linq)
   en System.Data.Objects.ELinq.ExpressionConverter.TranslateExpression(Expression linq)
   en System.Data.Objects.ELinq.ExpressionConverter.TranslateLambda(LambdaExpression lambda, DbExpression input)
   en System.Data.Objects.ELinq.ExpressionConverter.TranslateLambda(LambdaExpression lambda, DbExpression input, DbExpressionBinding& binding)
   en System.Data.Objects.ELinq.ExpressionConverter.MethodCallTranslator.OneLambdaTranslator.Translate(ExpressionConverter parent, MethodCallExpression call, DbExpression& source, DbExpressionBinding& sourceBinding, DbExpression& lambda)
   en System.Data.Objects.ELinq.ExpressionConverter.MethodCallTranslator.FirstPredicateTranslatorBase.Translate(ExpressionConverter parent, MethodCallExpression call)
   en System.Data.Objects.ELinq.ExpressionConverter.MethodCallTranslator.SequenceMethodTranslator.Translate(ExpressionConverter parent, MethodCallExpression call, SequenceMethod sequenceMethod)
   en System.Data.Objects.ELinq.ExpressionConverter.MethodCallTranslator.TypedTranslate(ExpressionConverter parent, MethodCallExpression linq)
   en System.Data.Objects.ELinq.ExpressionConverter.TypedTranslator`1.Translate(ExpressionConverter parent, Expression linq)
   en System.Data.Objects.ELinq.ExpressionConverter.TranslateExpression(Expression linq)
   en System.Data.Objects.ELinq.ExpressionConverter.Convert()
   en System.Data.Objects.ELinq.ELinqQueryState.GetExecutionPlan(Nullable`1 forMergeOption)
   en System.Data.Objects.ObjectQuery`1.GetResults(Nullable`1 forMergeOption)
   en System.Data.Objects.ObjectQuery`1.System.Collections.Generic.IEnumerable<T>.GetEnumerator()
   en System.Linq.Enumerable.FirstOrDefault[TSource](IEnumerable`1 source)
   en System.Data.Objects.ELinq.ObjectQueryProvider.<>c__11`1.<GetElementFunction>b__11_1(IEnumerable`1 sequence)
   en System.Data.Objects.ELinq.ObjectQueryProvider.ExecuteSingle[TResult](IEnumerable`1 query, Expression queryRoot)
   en System.Data.Objects.ELinq.ObjectQueryProvider.System.Linq.IQueryProvider.Execute[S](Expression expression)
   en System.Linq.Queryable.FirstOrDefault[TSource](IQueryable`1 source, Expression`1 predicate)
   en RateManager.RetentionsConfig.gridMessages_RowUpdating(Object sender, GridViewUpdateEventArgs e) en C:\Users\josenunez\Documents\Proyectos Univisit\RateManagerCss\RateManagerCss\RateManagerCss\HotelAdministrator\Pages\RetentionsConfig.aspx.vb:línea 147
   en System.Web.UI.WebControls.GridView.OnRowUpdating(GridViewUpdateEventArgs e)
   en System.Web.UI.WebControls.GridView.HandleUpdate(GridViewRow row, Int32 rowIndex, Boolean causesValidation)
   en System.Web.UI.WebControls.GridView.HandleEvent(EventArgs e, Boolean causesValidation, String validationGroup)
   en System.Web.UI.WebControls.GridView.OnBubbleEvent(Object source, EventArgs e)
   en System.Web.UI.Control.RaiseBubbleEvent(Object source, EventArgs args)
   en System.Web.UI.WebControls.GridViewRow.OnBubbleEvent(Object source, EventArgs e)
   en System.Web.UI.Control.RaiseBubbleEvent(Object source, EventArgs args)
   en System.Web.UI.WebControls.LinkButton.OnCommand(CommandEventArgs e)
   en System.Web.UI.WebControls.LinkButton.RaisePostBackEvent(String eventArgument)
   en System.Web.UI.WebControls.LinkButton.System.Web.UI.IPostBackEventHandler.RaisePostBackEvent(String eventArgument)
   en System.Web.UI.Page.RaisePostBackEvent(IPostBackEventHandler sourceControl, String eventArgument)
   en System.Web.UI.Page.RaisePostBackEvent(NameValueCollection postData)
   en System.Web.UI.Page.ProcessRequestMain(Boolean includeStagesBeforeAsyncPoint, Boolean includeStagesAfterAsyncPoint)
