11:48:11: El índice estaba fuera del intervalo. Debe ser un valor no negativo e inferior al tamaño de la colección.
Nombre del parámetro: index   en System.Collections.ArrayList.get_Item(Int32 index)
   en System.Web.UI.WebControls.DataKeyArray.get_Item(Int32 index)
   en RateManager.RetentionsConfig.gridRetentionMessages_OnRowUpdating(Object sender, GridViewUpdateEventArgs e) en C:\Users\josenunez\Documents\Proyectos Univisit\RateManagerCss\RateManagerCss\RateManagerCss\HotelAdministrator\Pages\RetentionsConfig.aspx.vb:línea 368
   en System.Web.UI.WebControls.GridView.OnRowUpdating(GridViewUpdateEventArgs e)
   en System.Web.UI.WebControls.GridView.HandleUpdate(GridViewRow row, Int32 rowIndex, Boolean causesValidation)
   en System.Web.UI.WebControls.GridView.HandleEvent(EventArgs e, Boolean causesValidation, String validationGroup)
   en System.Web.UI.WebControls.GridView.OnBubbleEvent(Object source, EventArgs e)
   en System.Web.UI.Control.RaiseBubbleEvent(Object source, EventArgs args)
   en System.Web.UI.WebControls.GridViewRow.OnBubbleEvent(Object source, EventArgs e)
   en System.Web.UI.Control.RaiseBubbleEvent(Object source, EventArgs args)
   en System.Web.UI.WebControls.LinkButton.OnCommand(CommandEventArgs e)
   en System.Web.UI.WebControls.LinkButton.RaisePostBackEvent(String eventArgument)
   en System.Web.UI.WebControls.LinkButton.System.Web.UI.IPostBackEventHandler.RaisePostBackEvent(String eventArgument)
   en System.Web.UI.Page.RaisePostBackEvent(IPostBackEventHandler sourceControl, String eventArgument)
   en System.Web.UI.Page.RaisePostBackEvent(NameValueCollection postData)
   en System.Web.UI.Page.ProcessRequestMain(Boolean includeStagesBeforeAsyncPoint, Boolean includeStagesAfterAsyncPoint)
12:25:4: El índice estaba fuera del intervalo. Debe ser un valor no negativo e inferior al tamaño de la colección.
Nombre del parámetro: index   en System.Collections.ArrayList.get_Item(Int32 index)
   en System.Web.UI.WebControls.DataKeyArray.get_Item(Int32 index)
   en RateManager.RetentionsConfig.gridRetentionMessages_OnRowUpdating(Object sender, GridViewUpdateEventArgs e) en C:\Users\josenunez\Documents\Proyectos Univisit\RateManagerCss\RateManagerCss\RateManagerCss\HotelAdministrator\Pages\RetentionsConfig.aspx.vb:línea 368
   en System.Web.UI.WebControls.GridView.OnRowUpdating(GridViewUpdateEventArgs e)
   en System.Web.UI.WebControls.GridView.HandleUpdate(GridViewRow row, Int32 rowIndex, Boolean causesValidation)
   en System.Web.UI.WebControls.GridView.HandleEvent(EventArgs e, Boolean causesValidation, String validationGroup)
   en System.Web.UI.WebControls.GridView.OnBubbleEvent(Object source, EventArgs e)
   en System.Web.UI.Control.RaiseBubbleEvent(Object source, EventArgs args)
   en System.Web.UI.WebControls.GridViewRow.OnBubbleEvent(Object source, EventArgs e)
   en System.Web.UI.Control.RaiseBubbleEvent(Object source, EventArgs args)
   en System.Web.UI.WebControls.LinkButton.OnCommand(CommandEventArgs e)
   en System.Web.UI.WebControls.LinkButton.RaisePostBackEvent(String eventArgument)
   en System.Web.UI.WebControls.LinkButton.System.Web.UI.IPostBackEventHandler.RaisePostBackEvent(String eventArgument)
   en System.Web.UI.Page.RaisePostBackEvent(IPostBackEventHandler sourceControl, String eventArgument)
   en System.Web.UI.Page.RaisePostBackEvent(NameValueCollection postData)
   en System.Web.UI.Page.ProcessRequestMain(Boolean includeStagesBeforeAsyncPoint, Boolean includeStagesAfterAsyncPoint)
12:34:21: El índice estaba fuera del intervalo. Debe ser un valor no negativo e inferior al tamaño de la colección.
Nombre del parámetro: index   en System.Collections.ArrayList.get_Item(Int32 index)
   en System.Web.UI.WebControls.DataKeyArray.get_Item(Int32 index)
   en RateManager.RetentionsConfig.gridRetentionMessages_OnRowUpdating(Object sender, GridViewUpdateEventArgs e) en C:\Users\josenunez\Documents\Proyectos Univisit\RateManagerCss\RateManagerCss\RateManagerCss\HotelAdministrator\Pages\RetentionsConfig.aspx.vb:línea 368
   en System.Web.UI.WebControls.GridView.OnRowUpdating(GridViewUpdateEventArgs e)
   en System.Web.UI.WebControls.GridView.HandleUpdate(GridViewRow row, Int32 rowIndex, Boolean causesValidation)
   en System.Web.UI.WebControls.GridView.HandleEvent(EventArgs e, Boolean causesValidation, String validationGroup)
   en System.Web.UI.WebControls.GridView.OnBubbleEvent(Object source, EventArgs e)
   en System.Web.UI.Control.RaiseBubbleEvent(Object source, EventArgs args)
   en System.Web.UI.WebControls.GridViewRow.OnBubbleEvent(Object source, EventArgs e)
   en System.Web.UI.Control.RaiseBubbleEvent(Object source, EventArgs args)
   en System.Web.UI.WebControls.LinkButton.OnCommand(CommandEventArgs e)
   en System.Web.UI.WebControls.LinkButton.RaisePostBackEvent(String eventArgument)
   en System.Web.UI.WebControls.LinkButton.System.Web.UI.IPostBackEventHandler.RaisePostBackEvent(String eventArgument)
   en System.Web.UI.Page.RaisePostBackEvent(IPostBackEventHandler sourceControl, String eventArgument)
   en System.Web.UI.Page.RaisePostBackEvent(NameValueCollection postData)
   en System.Web.UI.Page.ProcessRequestMain(Boolean includeStagesBeforeAsyncPoint, Boolean includeStagesAfterAsyncPoint)
