10:8:22: La clase base incluye el campo 'frmPrincipal', pero su tipo (System.Web.UI.HtmlControls.HtmlGenericControl) no es compatible con el tipo de control (System.Web.UI.HtmlControls.HtmlIframe).   en System.Web.Compilation.BaseTemplateCodeDomTreeGenerator.BuildFieldDeclaration(ControlBuilder builder)
   en System.Web.Compilation.BaseTemplateCodeDomTreeGenerator.BuildSourceDataTreeFromBuilder(ControlBuilder builder, Boolean fInTemplate, Boolean topLevelControlInTemplate, PropertyEntry pse)
   en System.Web.Compilation.BaseTemplateCodeDomTreeGenerator.BuildSourceDataTreeFromBuilder(ControlBuilder builder, Boolean fInTemplate, Boolean topLevelControlInTemplate, PropertyEntry pse)
   en System.Web.Compilation.BaseTemplateCodeDomTreeGenerator.BuildSourceDataTreeFromBuilder(ControlBuilder builder, Boolean fInTemplate, Boolean topLevelControlInTemplate, PropertyEntry pse)
   en System.Web.Compilation.TemplateControlCodeDomTreeGenerator.BuildMiscClassMembers()
   en System.Web.Compilation.PageCodeDomTreeGenerator.BuildMiscClassMembers()
   en System.Web.Compilation.BaseCodeDomTreeGenerator.BuildSourceDataTree()
   en System.Web.Compilation.BaseCodeDomTreeGenerator.GetCodeDomTree(CodeDomProvider codeDomProvider, StringResourceBuilder stringResourceBuilder, VirtualPath virtualPath)
   en System.Web.Compilation.BaseTemplateBuildProvider.GenerateCode(AssemblyBuilder assemblyBuilder)
   en System.Web.Compilation.AssemblyBuilder.AddBuildProvider(BuildProvider buildProvider)
11:12:30: La clase base incluye el campo 'frmPrincipal', pero su tipo (System.Web.UI.HtmlControls.HtmlGenericControl) no es compatible con el tipo de control (System.Web.UI.HtmlControls.HtmlIframe).   en System.Web.Compilation.BaseTemplateCodeDomTreeGenerator.BuildFieldDeclaration(ControlBuilder builder)
   en System.Web.Compilation.BaseTemplateCodeDomTreeGenerator.BuildSourceDataTreeFromBuilder(ControlBuilder builder, Boolean fInTemplate, Boolean topLevelControlInTemplate, PropertyEntry pse)
   en System.Web.Compilation.BaseTemplateCodeDomTreeGenerator.BuildSourceDataTreeFromBuilder(ControlBuilder builder, Boolean fInTemplate, Boolean topLevelControlInTemplate, PropertyEntry pse)
   en System.Web.Compilation.BaseTemplateCodeDomTreeGenerator.BuildSourceDataTreeFromBuilder(ControlBuilder builder, Boolean fInTemplate, Boolean topLevelControlInTemplate, PropertyEntry pse)
   en System.Web.Compilation.TemplateControlCodeDomTreeGenerator.BuildMiscClassMembers()
   en System.Web.Compilation.PageCodeDomTreeGenerator.BuildMiscClassMembers()
   en System.Web.Compilation.BaseCodeDomTreeGenerator.BuildSourceDataTree()
   en System.Web.Compilation.BaseCodeDomTreeGenerator.GetCodeDomTree(CodeDomProvider codeDomProvider, StringResourceBuilder stringResourceBuilder, VirtualPath virtualPath)
   en System.Web.Compilation.BaseTemplateBuildProvider.GenerateCode(AssemblyBuilder assemblyBuilder)
   en System.Web.Compilation.AssemblyBuilder.AddBuildProvider(BuildProvider buildProvider)
13:12:55: La clase base incluye el campo 'frmPrincipal', pero su tipo (System.Web.UI.HtmlControls.HtmlGenericControl) no es compatible con el tipo de control (System.Web.UI.HtmlControls.HtmlIframe).   en System.Web.Compilation.BaseTemplateCodeDomTreeGenerator.BuildFieldDeclaration(ControlBuilder builder)
   en System.Web.Compilation.BaseTemplateCodeDomTreeGenerator.BuildSourceDataTreeFromBuilder(ControlBuilder builder, Boolean fInTemplate, Boolean topLevelControlInTemplate, PropertyEntry pse)
   en System.Web.Compilation.BaseTemplateCodeDomTreeGenerator.BuildSourceDataTreeFromBuilder(ControlBuilder builder, Boolean fInTemplate, Boolean topLevelControlInTemplate, PropertyEntry pse)
   en System.Web.Compilation.BaseTemplateCodeDomTreeGenerator.BuildSourceDataTreeFromBuilder(ControlBuilder builder, Boolean fInTemplate, Boolean topLevelControlInTemplate, PropertyEntry pse)
   en System.Web.Compilation.TemplateControlCodeDomTreeGenerator.BuildMiscClassMembers()
   en System.Web.Compilation.PageCodeDomTreeGenerator.BuildMiscClassMembers()
   en System.Web.Compilation.BaseCodeDomTreeGenerator.BuildSourceDataTree()
   en System.Web.Compilation.BaseCodeDomTreeGenerator.GetCodeDomTree(CodeDomProvider codeDomProvider, StringResourceBuilder stringResourceBuilder, VirtualPath virtualPath)
   en System.Web.Compilation.BaseTemplateBuildProvider.GenerateCode(AssemblyBuilder assemblyBuilder)
   en System.Web.Compilation.AssemblyBuilder.AddBuildProvider(BuildProvider buildProvider)
13:13:57: La clase base incluye el campo 'frmPrincipal', pero su tipo (System.Web.UI.HtmlControls.HtmlGenericControl) no es compatible con el tipo de control (System.Web.UI.HtmlControls.HtmlIframe).   en System.Web.Compilation.BaseTemplateCodeDomTreeGenerator.BuildFieldDeclaration(ControlBuilder builder)
   en System.Web.Compilation.BaseTemplateCodeDomTreeGenerator.BuildSourceDataTreeFromBuilder(ControlBuilder builder, Boolean fInTemplate, Boolean topLevelControlInTemplate, PropertyEntry pse)
   en System.Web.Compilation.BaseTemplateCodeDomTreeGenerator.BuildSourceDataTreeFromBuilder(ControlBuilder builder, Boolean fInTemplate, Boolean topLevelControlInTemplate, PropertyEntry pse)
   en System.Web.Compilation.BaseTemplateCodeDomTreeGenerator.BuildSourceDataTreeFromBuilder(ControlBuilder builder, Boolean fInTemplate, Boolean topLevelControlInTemplate, PropertyEntry pse)
   en System.Web.Compilation.TemplateControlCodeDomTreeGenerator.BuildMiscClassMembers()
   en System.Web.Compilation.PageCodeDomTreeGenerator.BuildMiscClassMembers()
   en System.Web.Compilation.BaseCodeDomTreeGenerator.BuildSourceDataTree()
   en System.Web.Compilation.BaseCodeDomTreeGenerator.GetCodeDomTree(CodeDomProvider codeDomProvider, StringResourceBuilder stringResourceBuilder, VirtualPath virtualPath)
   en System.Web.Compilation.BaseTemplateBuildProvider.GenerateCode(AssemblyBuilder assemblyBuilder)
   en System.Web.Compilation.AssemblyBuilder.AddBuildProvider(BuildProvider buildProvider)
13:14:13: No se puede convertir un objeto de tipo 'Portal.General.Common.Data.HotelDatos' al tipo 'System.Data.DataView'.   en RateManager.Search.Grid_ItemDataBound(Object sender, DataGridItemEventArgs e) en C:\Users\josenunez\Documents\Proyectos Univisit\RateManagerCss\RateManagerCss\RateManagerCss\Portal\Pages\Search.aspx.vb:línea 254
   en System.Web.UI.WebControls.DataGrid.OnItemDataBound(DataGridItemEventArgs e)
   en System.Web.UI.WebControls.DataGrid.CreateItem(Int32 itemIndex, Int32 dataSourceIndex, ListItemType itemType, Boolean dataBind, Object dataItem, DataGridColumn[] columns, TableRowCollection rows, PagedDataSource pagedDataSource)
   en System.Web.UI.WebControls.DataGrid.CreateControlHierarchy(Boolean useDataSource)
   en System.Web.UI.WebControls.BaseDataList.OnDataBinding(EventArgs e)
   en System.Web.UI.WebControls.BaseDataList.DataBind()
   en RateManager.Search.Page_PreRender(Object sender, EventArgs e) en C:\Users\josenunez\Documents\Proyectos Univisit\RateManagerCss\RateManagerCss\RateManagerCss\Portal\Pages\Search.aspx.vb:línea 203
   en System.EventHandler.Invoke(Object sender, EventArgs e)
   en System.Web.UI.Control.OnPreRender(EventArgs e)
   en System.Web.UI.Control.PreRenderRecursiveInternal()
   en System.Web.UI.Page.ProcessRequestMain(Boolean includeStagesBeforeAsyncPoint, Boolean includeStagesAfterAsyncPoint)
17:0:58: Se produjo un error durante el intento de conexión ya que la parte conectada no respondió adecuadamente tras un periodo de tiempo, o bien se produjo un error en la conexión establecida ya que el host conectado no ha podido responder 50.112.125.138:80   en System.Net.Sockets.Socket.DoConnect(EndPoint endPointSnapshot, SocketAddress socketAddress)
   en System.Net.ServicePoint.ConnectSocketInternal(Boolean connectFailure, Socket s4, Socket s6, Socket& socket, IPAddress& address, ConnectSocketState state, IAsyncResult asyncResult, Exception& exception)
