0:54:31: Operator '<>' is not defined for type 'DBNull' and type 'Integer'.   en Microsoft.VisualBasic.CompilerServices.Operators.ConditionalCompareObjectNotEqual(Object Left, Object Right, Boolean TextCompare)
   en RateManager.Promotions.SavePromo(Boolean publish) en C:\Users\josenunez\Documents\Proyectos Univisit\RateManagerCss\RateManagerCss\RateManagerCss\HotelAdministrator\Pages\Promotions.aspx.vb:línea 627
   en RateManager.Promotions.btnSave_Click(Object sender, EventArgs e) en C:\Users\josenunez\Documents\Proyectos Univisit\RateManagerCss\RateManagerCss\RateManagerCss\HotelAdministrator\Pages\Promotions.aspx.vb:línea 163
   en System.Web.UI.WebControls.Button.OnClick(EventArgs e)
   en System.Web.UI.WebControls.Button.RaisePostBackEvent(String eventArgument)
   en System.Web.UI.WebControls.Button.System.Web.UI.IPostBackEventHandler.RaisePostBackEvent(String eventArgument)
   en System.Web.UI.Page.RaisePostBackEvent(IPostBackEventHandler sourceControl, String eventArgument)
   en System.Web.UI.Page.RaisePostBackEvent(NameValueCollection postData)
   en System.Web.UI.Page.ProcessRequestMain(Boolean includeStagesBeforeAsyncPoint, Boolean includeStagesAfterAsyncPoint)
8:9:21: Error relacionado con la red o específico de la instancia mientras se establecía una conexión con el servidor SQL Server. No se encontró el servidor o éste no estaba accesible. Compruebe que el nombre de la instancia es correcto y que SQL Server está configurado para admitir conexiones remotas. (provider: Named Pipes Provider, error: 40 - No se pudo abrir una conexión con SQL Server)   en System.Data.SqlClient.SqlInternalConnectionTds..ctor(DbConnectionPoolIdentity identity, SqlConnectionString connectionOptions, SqlCredential credential, Object providerInfo, String newPassword, SecureString newSecurePassword, Boolean redirectedUserInstance, SqlConnectionString userConnectionOptions, SessionData reconnectSessionData, DbConnectionPool pool, String accessToken, Boolean applyTransientFaultHandling)
   en System.Data.SqlClient.SqlConnectionFactory.CreateConnection(DbConnectionOptions options, DbConnectionPoolKey poolKey, Object poolGroupProviderInfo, DbConnectionPool pool, DbConnection owningConnection, DbConnectionOptions userOptions)
   en System.Data.ProviderBase.DbConnectionFactory.CreatePooledConnection(DbConnectionPool pool, DbConnection owningObject, DbConnectionOptions options, DbConnectionPoolKey poolKey, DbConnectionOptions userOptions)
   en System.Data.ProviderBase.DbConnectionPool.CreateObject(DbConnection owningObject, DbConnectionOptions userOptions, DbConnectionInternal oldConnection)
   en System.Data.ProviderBase.DbConnectionPool.UserCreateRequest(DbConnection owningObject, DbConnectionOptions userOptions, DbConnectionInternal oldConnection)
   en System.Data.ProviderBase.DbConnectionPool.TryGetConnection(DbConnection owningObject, UInt32 waitForMultipleObjectsTimeout, Boolean allowCreate, Boolean onlyOneCheckConnection, DbConnectionOptions userOptions, DbConnectionInternal& connection)
   en System.Data.ProviderBase.DbConnectionPool.TryGetConnection(DbConnection owningObject, TaskCompletionSource`1 retry, DbConnectionOptions userOptions, DbConnectionInternal& connection)
   en System.Data.ProviderBase.DbConnectionFactory.TryGetConnection(DbConnection owningConnection, TaskCompletionSource`1 retry, DbConnectionOptions userOptions, DbConnectionInternal oldConnection, DbConnectionInternal& connection)
   en System.Data.ProviderBase.DbConnectionInternal.TryOpenConnectionInternal(DbConnection outerConnection, DbConnectionFactory connectionFactory, TaskCompletionSource`1 retry, DbConnectionOptions userOptions)
   en System.Data.ProviderBase.DbConnectionClosed.TryOpenConnection(DbConnection outerConnection, DbConnectionFactory connectionFactory, TaskCompletionSource`1 retry, DbConnectionOptions userOptions)
   en System.Data.SqlClient.SqlConnection.TryOpenInner(TaskCompletionSource`1 retry)
   en System.Data.SqlClient.SqlConnection.TryOpen(TaskCompletionSource`1 retry)
   en System.Data.SqlClient.SqlConnection.Open()
   en System.Data.Common.DbDataAdapter.FillInternal(DataSet dataset, DataTable[] datatables, Int32 startRecord, Int32 maxRecords, String srcTable, IDbCommand command, CommandBehavior behavior)
   en System.Data.Common.DbDataAdapter.Fill(DataSet dataSet, Int32 startRecord, Int32 maxRecords, String srcTable, IDbCommand command, CommandBehavior behavior)
   en System.Data.Common.DbDataAdapter.Fill(DataSet dataSet)
   en RateManager.ctrlSearchCompany.HotelData(Int32 idHotel) en C:\Users\josenunez\Documents\Proyectos Univisit\RateManagerCss\RateManagerCss\RateManagerCss\Portal\Modules\ctrlSearchCompany.ascx.vb:línea 238
   en RateManager.Search.loadVariables() en C:\Users\josenunez\Documents\Proyectos Univisit\RateManagerCss\RateManagerCss\RateManagerCss\Portal\Pages\Search.aspx.vb:línea 278
   en RateManager.Search.Grid_SelectedIndexChanged(Object sender, EventArgs e) en C:\Users\josenunez\Documents\Proyectos Univisit\RateManagerCss\RateManagerCss\RateManagerCss\Portal\Pages\Search.aspx.vb:línea 194
   en System.Web.UI.WebControls.BaseDataList.OnSelectedIndexChanged(EventArgs e)
   en System.Web.UI.WebControls.DataGrid.OnBubbleEvent(Object source, EventArgs e)
   en System.Web.UI.Control.RaiseBubbleEvent(Object source, EventArgs args)
   en System.Web.UI.WebControls.DataGridItem.OnBubbleEvent(Object source, EventArgs e)
   en System.Web.UI.Control.RaiseBubbleEvent(Object source, EventArgs args)
   en System.Web.UI.WebControls.LinkButton.OnCommand(CommandEventArgs e)
   en System.Web.UI.WebControls.LinkButton.RaisePostBackEvent(String eventArgument)
   en System.Web.UI.WebControls.LinkButton.System.Web.UI.IPostBackEventHandler.RaisePostBackEvent(String eventArgument)
   en System.Web.UI.Page.RaisePostBackEvent(IPostBackEventHandler sourceControl, String eventArgument)
   en System.Web.UI.Page.RaisePostBackEvent(NameValueCollection postData)
   en System.Web.UI.Page.ProcessRequestMain(Boolean includeStagesBeforeAsyncPoint, Boolean includeStagesAfterAsyncPoint)
8:23:3: Operator '<>' is not defined for type 'DBNull' and type 'Integer'.   en Microsoft.VisualBasic.CompilerServices.Operators.ConditionalCompareObjectNotEqual(Object Left, Object Right, Boolean TextCompare)
   en RateManager.Promotions.SavePromo(Boolean publish) en C:\Users\josenunez\Documents\Proyectos Univisit\RateManagerCss\RateManagerCss\RateManagerCss\HotelAdministrator\Pages\Promotions.aspx.vb:línea 627
   en RateManager.Promotions.btnSave_Click(Object sender, EventArgs e) en C:\Users\josenunez\Documents\Proyectos Univisit\RateManagerCss\RateManagerCss\RateManagerCss\HotelAdministrator\Pages\Promotions.aspx.vb:línea 163
   en System.Web.UI.WebControls.Button.OnClick(EventArgs e)
   en System.Web.UI.WebControls.Button.RaisePostBackEvent(String eventArgument)
   en System.Web.UI.WebControls.Button.System.Web.UI.IPostBackEventHandler.RaisePostBackEvent(String eventArgument)
   en System.Web.UI.Page.RaisePostBackEvent(IPostBackEventHandler sourceControl, String eventArgument)
   en System.Web.UI.Page.RaisePostBackEvent(NameValueCollection postData)
   en System.Web.UI.Page.ProcessRequestMain(Boolean includeStagesBeforeAsyncPoint, Boolean includeStagesAfterAsyncPoint)
8:56:58: Error relacionado con la red o específico de la instancia mientras se establecía una conexión con el servidor SQL Server. No se encontró el servidor o éste no estaba accesible. Compruebe que el nombre de la instancia es correcto y que SQL Server está configurado para admitir conexiones remotas. (provider: Named Pipes Provider, error: 40 - No se pudo abrir una conexión con SQL Server)   en System.Data.SqlClient.SqlInternalConnectionTds..ctor(DbConnectionPoolIdentity identity, SqlConnectionString connectionOptions, SqlCredential credential, Object providerInfo, String newPassword, SecureString newSecurePassword, Boolean redirectedUserInstance, SqlConnectionString userConnectionOptions, SessionData reconnectSessionData, DbConnectionPool pool, String accessToken, Boolean applyTransientFaultHandling)
   en System.Data.SqlClient.SqlConnectionFactory.CreateConnection(DbConnectionOptions options, DbConnectionPoolKey poolKey, Object poolGroupProviderInfo, DbConnectionPool pool, DbConnection owningConnection, DbConnectionOptions userOptions)
   en System.Data.ProviderBase.DbConnectionFactory.CreatePooledConnection(DbConnectionPool pool, DbConnection owningObject, DbConnectionOptions options, DbConnectionPoolKey poolKey, DbConnectionOptions userOptions)
   en System.Data.ProviderBase.DbConnectionPool.CreateObject(DbConnection owningObject, DbConnectionOptions userOptions, DbConnectionInternal oldConnection)
   en System.Data.ProviderBase.DbConnectionPool.UserCreateRequest(DbConnection owningObject, DbConnectionOptions userOptions, DbConnectionInternal oldConnection)
   en System.Data.ProviderBase.DbConnectionPool.TryGetConnection(DbConnection owningObject, UInt32 waitForMultipleObjectsTimeout, Boolean allowCreate, Boolean onlyOneCheckConnection, DbConnectionOptions userOptions, DbConnectionInternal& connection)
   en System.Data.ProviderBase.DbConnectionPool.TryGetConnection(DbConnection owningObject, TaskCompletionSource`1 retry, DbConnectionOptions userOptions, DbConnectionInternal& connection)
   en System.Data.ProviderBase.DbConnectionFactory.TryGetConnection(DbConnection owningConnection, TaskCompletionSource`1 retry, DbConnectionOptions userOptions, DbConnectionInternal oldConnection, DbConnectionInternal& connection)
   en System.Data.ProviderBase.DbConnectionInternal.TryOpenConnectionInternal(DbConnection outerConnection, DbConnectionFactory connectionFactory, TaskCompletionSource`1 retry, DbConnectionOptions userOptions)
   en System.Data.ProviderBase.DbConnectionClosed.TryOpenConnection(DbConnection outerConnection, DbConnectionFactory connectionFactory, TaskCompletionSource`1 retry, DbConnectionOptions userOptions)
   en System.Data.SqlClient.SqlConnection.TryOpenInner(TaskCompletionSource`1 retry)
   en System.Data.SqlClient.SqlConnection.TryOpen(TaskCompletionSource`1 retry)
   en System.Data.SqlClient.SqlConnection.Open()
   en System.Data.Common.DbDataAdapter.FillInternal(DataSet dataset, DataTable[] datatables, Int32 startRecord, Int32 maxRecords, String srcTable, IDbCommand command, CommandBehavior behavior)
   en System.Data.Common.DbDataAdapter.Fill(DataSet dataSet, Int32 startRecord, Int32 maxRecords, String srcTable, IDbCommand command, CommandBehavior behavior)
   en System.Data.Common.DbDataAdapter.Fill(DataSet dataSet)
   en RateManager.ctrlSearchCompany.HotelData(Int32 idHotel) en C:\Users\josenunez\Documents\Proyectos Univisit\RateManagerCss\RateManagerCss\RateManagerCss\Portal\Modules\ctrlSearchCompany.ascx.vb:línea 238
   en RateManager.Search.loadVariables() en C:\Users\josenunez\Documents\Proyectos Univisit\RateManagerCss\RateManagerCss\RateManagerCss\Portal\Pages\Search.aspx.vb:línea 278
   en RateManager.Search.Grid_SelectedIndexChanged(Object sender, EventArgs e) en C:\Users\josenunez\Documents\Proyectos Univisit\RateManagerCss\RateManagerCss\RateManagerCss\Portal\Pages\Search.aspx.vb:línea 194
   en System.Web.UI.WebControls.BaseDataList.OnSelectedIndexChanged(EventArgs e)
   en System.Web.UI.WebControls.DataGrid.OnBubbleEvent(Object source, EventArgs e)
   en System.Web.UI.Control.RaiseBubbleEvent(Object source, EventArgs args)
   en System.Web.UI.WebControls.DataGridItem.OnBubbleEvent(Object source, EventArgs e)
   en System.Web.UI.Control.RaiseBubbleEvent(Object source, EventArgs args)
   en System.Web.UI.WebControls.LinkButton.OnCommand(CommandEventArgs e)
   en System.Web.UI.WebControls.LinkButton.RaisePostBackEvent(String eventArgument)
   en System.Web.UI.WebControls.LinkButton.System.Web.UI.IPostBackEventHandler.RaisePostBackEvent(String eventArgument)
   en System.Web.UI.Page.RaisePostBackEvent(IPostBackEventHandler sourceControl, String eventArgument)
   en System.Web.UI.Page.RaisePostBackEvent(NameValueCollection postData)
   en System.Web.UI.Page.ProcessRequestMain(Boolean includeStagesBeforeAsyncPoint, Boolean includeStagesAfterAsyncPoint)
10:49:20: La clase base incluye el campo 'frmPrincipal', pero su tipo (System.Web.UI.HtmlControls.HtmlGenericControl) no es compatible con el tipo de control (System.Web.UI.HtmlControls.HtmlIframe).   en System.Web.Compilation.BaseTemplateCodeDomTreeGenerator.BuildFieldDeclaration(ControlBuilder builder)
   en System.Web.Compilation.BaseTemplateCodeDomTreeGenerator.BuildSourceDataTreeFromBuilder(ControlBuilder builder, Boolean fInTemplate, Boolean topLevelControlInTemplate, PropertyEntry pse)
   en System.Web.Compilation.BaseTemplateCodeDomTreeGenerator.BuildSourceDataTreeFromBuilder(ControlBuilder builder, Boolean fInTemplate, Boolean topLevelControlInTemplate, PropertyEntry pse)
   en System.Web.Compilation.BaseTemplateCodeDomTreeGenerator.BuildSourceDataTreeFromBuilder(ControlBuilder builder, Boolean fInTemplate, Boolean topLevelControlInTemplate, PropertyEntry pse)
   en System.Web.Compilation.TemplateControlCodeDomTreeGenerator.BuildMiscClassMembers()
   en System.Web.Compilation.PageCodeDomTreeGenerator.BuildMiscClassMembers()
   en System.Web.Compilation.BaseCodeDomTreeGenerator.BuildSourceDataTree()
   en System.Web.Compilation.BaseCodeDomTreeGenerator.GetCodeDomTree(CodeDomProvider codeDomProvider, StringResourceBuilder stringResourceBuilder, VirtualPath virtualPath)
   en System.Web.Compilation.BaseTemplateBuildProvider.GenerateCode(AssemblyBuilder assemblyBuilder)
   en System.Web.Compilation.AssemblyBuilder.AddBuildProvider(BuildProvider buildProvider)
