10:10:7: El origen de datos utilizado para Grid no es válido. Un origen de datos válido debe implementar IListSource o IEnumerable.   en System.Web.UI.WebControls.BaseDataList.set_DataSource(Object value)
   en RateManager.Search.CargaGrid() en C:\Users\josenunez\Documents\Proyectos Univisit\RateManagerCss\RateManagerCss\RateManagerCss\Portal\Pages\Search.aspx.vb:línea 170
   en RateManager.Search.btnSearch_Click(Object sender, EventArgs e) en C:\Users\josenunez\Documents\Proyectos Univisit\RateManagerCss\RateManagerCss\RateManagerCss\Portal\Pages\Search.aspx.vb:línea 215
   en System.Web.UI.WebControls.Button.OnClick(EventArgs e)
   en System.Web.UI.WebControls.Button.RaisePostBackEvent(String eventArgument)
   en System.Web.UI.WebControls.Button.System.Web.UI.IPostBackEventHandler.RaisePostBackEvent(String eventArgument)
   en System.Web.UI.Page.RaisePostBackEvent(IPostBackEventHandler sourceControl, String eventArgument)
   en System.Web.UI.Page.RaisePostBackEvent(NameValueCollection postData)
   en System.Web.UI.Page.ProcessRequestMain(Boolean includeStagesBeforeAsyncPoint, Boolean includeStagesAfterAsyncPoint)
10:18:18: No se puede convertir un objeto de tipo 'System.Data.DataView' al tipo 'System.Data.DataSet'.   en RateManager.Search.Grid_ItemDataBound(Object sender, DataGridItemEventArgs e) en C:\Users\josenunez\Documents\Proyectos Univisit\RateManagerCss\RateManagerCss\RateManagerCss\Portal\Pages\Search.aspx.vb:línea 254
   en System.Web.UI.WebControls.DataGrid.OnItemDataBound(DataGridItemEventArgs e)
   en System.Web.UI.WebControls.DataGrid.CreateItem(Int32 itemIndex, Int32 dataSourceIndex, ListItemType itemType, Boolean dataBind, Object dataItem, DataGridColumn[] columns, TableRowCollection rows, PagedDataSource pagedDataSource)
   en System.Web.UI.WebControls.DataGrid.CreateControlHierarchy(Boolean useDataSource)
   en System.Web.UI.WebControls.BaseDataList.OnDataBinding(EventArgs e)
   en System.Web.UI.WebControls.BaseDataList.DataBind()
   en RateManager.Search.CargaGrid() en C:\Users\josenunez\Documents\Proyectos Univisit\RateManagerCss\RateManagerCss\RateManagerCss\Portal\Pages\Search.aspx.vb:línea 171
   en RateManager.Search.btnSearch_Click(Object sender, EventArgs e) en C:\Users\josenunez\Documents\Proyectos Univisit\RateManagerCss\RateManagerCss\RateManagerCss\Portal\Pages\Search.aspx.vb:línea 215
   en System.Web.UI.WebControls.Button.OnClick(EventArgs e)
   en System.Web.UI.WebControls.Button.RaisePostBackEvent(String eventArgument)
   en System.Web.UI.WebControls.Button.System.Web.UI.IPostBackEventHandler.RaisePostBackEvent(String eventArgument)
   en System.Web.UI.Page.RaisePostBackEvent(IPostBackEventHandler sourceControl, String eventArgument)
   en System.Web.UI.Page.RaisePostBackEvent(NameValueCollection postData)
   en System.Web.UI.Page.ProcessRequestMain(Boolean includeStagesBeforeAsyncPoint, Boolean includeStagesAfterAsyncPoint)
10:20:47: No se puede convertir un objeto de tipo 'System.Data.DataTable' al tipo 'System.Data.DataSet'.   en RateManager.Search.Grid_ItemDataBound(Object sender, DataGridItemEventArgs e) en C:\Users\josenunez\Documents\Proyectos Univisit\RateManagerCss\RateManagerCss\RateManagerCss\Portal\Pages\Search.aspx.vb:línea 254
   en System.Web.UI.WebControls.DataGrid.OnItemDataBound(DataGridItemEventArgs e)
   en System.Web.UI.WebControls.DataGrid.CreateItem(Int32 itemIndex, Int32 dataSourceIndex, ListItemType itemType, Boolean dataBind, Object dataItem, DataGridColumn[] columns, TableRowCollection rows, PagedDataSource pagedDataSource)
   en System.Web.UI.WebControls.DataGrid.CreateControlHierarchy(Boolean useDataSource)
   en System.Web.UI.WebControls.BaseDataList.OnDataBinding(EventArgs e)
   en System.Web.UI.WebControls.BaseDataList.DataBind()
   en RateManager.Search.CargaGrid() en C:\Users\josenunez\Documents\Proyectos Univisit\RateManagerCss\RateManagerCss\RateManagerCss\Portal\Pages\Search.aspx.vb:línea 171
   en RateManager.Search.btnSearch_Click(Object sender, EventArgs e) en C:\Users\josenunez\Documents\Proyectos Univisit\RateManagerCss\RateManagerCss\RateManagerCss\Portal\Pages\Search.aspx.vb:línea 215
   en System.Web.UI.WebControls.Button.OnClick(EventArgs e)
   en System.Web.UI.WebControls.Button.RaisePostBackEvent(String eventArgument)
   en System.Web.UI.WebControls.Button.System.Web.UI.IPostBackEventHandler.RaisePostBackEvent(String eventArgument)
   en System.Web.UI.Page.RaisePostBackEvent(IPostBackEventHandler sourceControl, String eventArgument)
   en System.Web.UI.Page.RaisePostBackEvent(NameValueCollection postData)
   en System.Web.UI.Page.ProcessRequestMain(Boolean includeStagesBeforeAsyncPoint, Boolean includeStagesAfterAsyncPoint)
10:35:8: No se puede convertir un objeto de tipo 'System.Data.DataView' al tipo 'System.Data.DataSet'.   en RateManager.Search.Grid_ItemDataBound(Object sender, DataGridItemEventArgs e) en C:\Users\josenunez\Documents\Proyectos Univisit\RateManagerCss\RateManagerCss\RateManagerCss\Portal\Pages\Search.aspx.vb:línea 254
   en System.Web.UI.WebControls.DataGrid.OnItemDataBound(DataGridItemEventArgs e)
   en System.Web.UI.WebControls.DataGrid.CreateItem(Int32 itemIndex, Int32 dataSourceIndex, ListItemType itemType, Boolean dataBind, Object dataItem, DataGridColumn[] columns, TableRowCollection rows, PagedDataSource pagedDataSource)
   en System.Web.UI.WebControls.DataGrid.CreateControlHierarchy(Boolean useDataSource)
   en System.Web.UI.WebControls.BaseDataList.OnDataBinding(EventArgs e)
   en System.Web.UI.WebControls.BaseDataList.DataBind()
   en RateManager.Search.CargaGrid() en C:\Users\josenunez\Documents\Proyectos Univisit\RateManagerCss\RateManagerCss\RateManagerCss\Portal\Pages\Search.aspx.vb:línea 171
   en RateManager.Search.btnSearch_Click(Object sender, EventArgs e) en C:\Users\josenunez\Documents\Proyectos Univisit\RateManagerCss\RateManagerCss\RateManagerCss\Portal\Pages\Search.aspx.vb:línea 215
   en System.Web.UI.WebControls.Button.OnClick(EventArgs e)
   en System.Web.UI.WebControls.Button.RaisePostBackEvent(String eventArgument)
   en System.Web.UI.WebControls.Button.System.Web.UI.IPostBackEventHandler.RaisePostBackEvent(String eventArgument)
   en System.Web.UI.Page.RaisePostBackEvent(IPostBackEventHandler sourceControl, String eventArgument)
   en System.Web.UI.Page.RaisePostBackEvent(NameValueCollection postData)
   en System.Web.UI.Page.ProcessRequestMain(Boolean includeStagesBeforeAsyncPoint, Boolean includeStagesAfterAsyncPoint)
10:46:13: La clase base incluye el campo 'frmPrincipal', pero su tipo (System.Web.UI.HtmlControls.HtmlGenericControl) no es compatible con el tipo de control (System.Web.UI.HtmlControls.HtmlIframe).   en System.Web.Compilation.BaseTemplateCodeDomTreeGenerator.BuildFieldDeclaration(ControlBuilder builder)
   en System.Web.Compilation.BaseTemplateCodeDomTreeGenerator.BuildSourceDataTreeFromBuilder(ControlBuilder builder, Boolean fInTemplate, Boolean topLevelControlInTemplate, PropertyEntry pse)
   en System.Web.Compilation.BaseTemplateCodeDomTreeGenerator.BuildSourceDataTreeFromBuilder(ControlBuilder builder, Boolean fInTemplate, Boolean topLevelControlInTemplate, PropertyEntry pse)
   en System.Web.Compilation.BaseTemplateCodeDomTreeGenerator.BuildSourceDataTreeFromBuilder(ControlBuilder builder, Boolean fInTemplate, Boolean topLevelControlInTemplate, PropertyEntry pse)
   en System.Web.Compilation.TemplateControlCodeDomTreeGenerator.BuildMiscClassMembers()
   en System.Web.Compilation.PageCodeDomTreeGenerator.BuildMiscClassMembers()
   en System.Web.Compilation.BaseCodeDomTreeGenerator.BuildSourceDataTree()
   en System.Web.Compilation.BaseCodeDomTreeGenerator.GetCodeDomTree(CodeDomProvider codeDomProvider, StringResourceBuilder stringResourceBuilder, VirtualPath virtualPath)
   en System.Web.Compilation.BaseTemplateBuildProvider.GenerateCode(AssemblyBuilder assemblyBuilder)
   en System.Web.Compilation.AssemblyBuilder.AddBuildProvider(BuildProvider buildProvider)
11:26:28: No se puede encontrar la columna [idcorporativo1].   en System.Data.NameNode.Bind(DataTable table, List`1 list)
   en System.Data.BinaryNode.Bind(DataTable table, List`1 list)
   en System.Data.DataExpression.Bind(DataTable table)
   en System.Data.DataExpression..ctor(DataTable table, String expression, Type type)
   en System.Data.DataView.set_RowFilter(String value)
   en RateManager.Search.CargaGrid() en C:\Users\josenunez\Documents\Proyectos Univisit\RateManagerCss\RateManagerCss\RateManagerCss\Portal\Pages\Search.aspx.vb:línea 167
   en RateManager.Search.btnSearch_Click(Object sender, EventArgs e) en C:\Users\josenunez\Documents\Proyectos Univisit\RateManagerCss\RateManagerCss\RateManagerCss\Portal\Pages\Search.aspx.vb:línea 215
   en System.Web.UI.WebControls.Button.OnClick(EventArgs e)
   en System.Web.UI.WebControls.Button.RaisePostBackEvent(String eventArgument)
   en System.Web.UI.WebControls.Button.System.Web.UI.IPostBackEventHandler.RaisePostBackEvent(String eventArgument)
   en System.Web.UI.Page.RaisePostBackEvent(IPostBackEventHandler sourceControl, String eventArgument)
   en System.Web.UI.Page.RaisePostBackEvent(NameValueCollection postData)
   en System.Web.UI.Page.ProcessRequestMain(Boolean includeStagesBeforeAsyncPoint, Boolean includeStagesAfterAsyncPoint)
