12:12:55: 'txt´Titulo' no es un identificador válido.   en System.Web.UI.TemplateParser.ProcessException(Exception ex)
   en System.Web.UI.TemplateParser.ParseStringInternal(String text, Encoding fileEncoding)
   en System.Web.UI.TemplateParser.ParseString(String text, VirtualPath virtualPath, Encoding fileEncoding)
13:44:34: Se produjo un error mientras se actualizaban las entradas. Vea la excepción interna para obtener detalles.   en System.Data.Mapping.Update.Internal.UpdateTranslator.Update(IEntityStateManager stateManager, IEntityAdapter adapter)
   en System.Data.EntityClient.EntityAdapter.Update(IEntityStateManager entityCache)
   en System.Data.Objects.ObjectContext.SaveChanges(SaveOptions options)
   en System.Data.Objects.ObjectContext.SaveChanges()
   en RateManager.RetentionsConfig.btnNuevoGuardarRetencion_OnClick(Object sender, EventArgs e) en C:\Users\josenunez\Documents\Proyectos Univisit\RateManagerCss\RateManagerCss\RateManagerCss\HotelAdministrator\Pages\RetentionsConfig.aspx.vb:línea 345
   en System.Web.UI.WebControls.Button.OnClick(EventArgs e)
   en System.Web.UI.WebControls.Button.RaisePostBackEvent(String eventArgument)
   en System.Web.UI.WebControls.Button.System.Web.UI.IPostBackEventHandler.RaisePostBackEvent(String eventArgument)
   en System.Web.UI.Page.RaisePostBackEvent(IPostBackEventHandler sourceControl, String eventArgument)
   en System.Web.UI.Page.RaisePostBackEvent(NameValueCollection postData)
   en System.Web.UI.Page.ProcessRequestMain(Boolean includeStagesBeforeAsyncPoint, Boolean includeStagesAfterAsyncPoint)
13:52:2: Se produjo un error mientras se actualizaban las entradas. Vea la excepción interna para obtener detalles.   en System.Data.Mapping.Update.Internal.UpdateTranslator.Update(IEntityStateManager stateManager, IEntityAdapter adapter)
   en System.Data.EntityClient.EntityAdapter.Update(IEntityStateManager entityCache)
   en System.Data.Objects.ObjectContext.SaveChanges(SaveOptions options)
   en System.Data.Objects.ObjectContext.SaveChanges()
   en RateManager.RetentionsConfig.btnNuevoGuardarRetencion_OnClick(Object sender, EventArgs e) en C:\Users\josenunez\Documents\Proyectos Univisit\RateManagerCss\RateManagerCss\RateManagerCss\HotelAdministrator\Pages\RetentionsConfig.aspx.vb:línea 345
   en System.Web.UI.WebControls.Button.OnClick(EventArgs e)
   en System.Web.UI.WebControls.Button.RaisePostBackEvent(String eventArgument)
   en System.Web.UI.WebControls.Button.System.Web.UI.IPostBackEventHandler.RaisePostBackEvent(String eventArgument)
   en System.Web.UI.Page.RaisePostBackEvent(IPostBackEventHandler sourceControl, String eventArgument)
   en System.Web.UI.Page.RaisePostBackEvent(NameValueCollection postData)
   en System.Web.UI.Page.ProcessRequestMain(Boolean includeStagesBeforeAsyncPoint, Boolean includeStagesAfterAsyncPoint)
14:58:22: Se produjo un error mientras se actualizaban las entradas. Vea la excepción interna para obtener detalles.   en System.Data.Mapping.Update.Internal.UpdateTranslator.Update(IEntityStateManager stateManager, IEntityAdapter adapter)
   en System.Data.EntityClient.EntityAdapter.Update(IEntityStateManager entityCache)
   en System.Data.Objects.ObjectContext.SaveChanges(SaveOptions options)
   en System.Data.Objects.ObjectContext.SaveChanges()
   en RateManager.RetentionsConfig.btnNuevoGuardarRetencion_OnClick(Object sender, EventArgs e) en C:\Users\josenunez\Documents\Proyectos Univisit\RateManagerCss\RateManagerCss\RateManagerCss\HotelAdministrator\Pages\RetentionsConfig.aspx.vb:línea 345
   en System.Web.UI.WebControls.Button.OnClick(EventArgs e)
   en System.Web.UI.WebControls.Button.RaisePostBackEvent(String eventArgument)
   en System.Web.UI.WebControls.Button.System.Web.UI.IPostBackEventHandler.RaisePostBackEvent(String eventArgument)
   en System.Web.UI.Page.RaisePostBackEvent(IPostBackEventHandler sourceControl, String eventArgument)
   en System.Web.UI.Page.RaisePostBackEvent(NameValueCollection postData)
   en System.Web.UI.Page.ProcessRequestMain(Boolean includeStagesBeforeAsyncPoint, Boolean includeStagesAfterAsyncPoint)
