8:42:46: La clase base incluye el campo 'frmPrincipal', pero su tipo (System.Web.UI.HtmlControls.HtmlGenericControl) no es compatible con el tipo de control (System.Web.UI.HtmlControls.HtmlIframe).   en System.Web.Compilation.BaseTemplateCodeDomTreeGenerator.BuildFieldDeclaration(ControlBuilder builder)
   en System.Web.Compilation.BaseTemplateCodeDomTreeGenerator.BuildSourceDataTreeFromBuilder(ControlBuilder builder, Boolean fInTemplate, Boolean topLevelControlInTemplate, PropertyEntry pse)
   en System.Web.Compilation.BaseTemplateCodeDomTreeGenerator.BuildSourceDataTreeFromBuilder(ControlBuilder builder, Boolean fInTemplate, Boolean topLevelControlInTemplate, PropertyEntry pse)
   en System.Web.Compilation.BaseTemplateCodeDomTreeGenerator.BuildSourceDataTreeFromBuilder(ControlBuilder builder, Boolean fInTemplate, Boolean topLevelControlInTemplate, PropertyEntry pse)
   en System.Web.Compilation.TemplateControlCodeDomTreeGenerator.BuildMiscClassMembers()
   en System.Web.Compilation.PageCodeDomTreeGenerator.BuildMiscClassMembers()
   en System.Web.Compilation.BaseCodeDomTreeGenerator.BuildSourceDataTree()
   en System.Web.Compilation.BaseCodeDomTreeGenerator.GetCodeDomTree(CodeDomProvider codeDomProvider, StringResourceBuilder stringResourceBuilder, VirtualPath virtualPath)
   en System.Web.Compilation.BaseTemplateBuildProvider.GenerateCode(AssemblyBuilder assemblyBuilder)
   en System.Web.Compilation.AssemblyBuilder.AddBuildProvider(BuildProvider buildProvider)
10:43:41: No se puede encontrar la tabla 3.   en System.Data.DataTableCollection.get_Item(Int32 index)
   en RateManager.clsGetAvail.ApplyRulesRatesRoom(DataSet& ds, DataTable& dt, DataRow[] drsGral, Byte& minStay, Byte MaxStay, Byte AdvBook, String StatusAvail, DateTime checkin, String& et, String rateCode) en C:\Users\josenunez\Documents\Proyectos Univisit\RateManagerCss\RateManagerCss\RateManagerCss\HotelAdministrator\clsGetAvail.vb:línea 200
   en RateManager.clsGetAvail.GetAvail(DateTime checkin, DateTime checkout, Int32 idhotel, String ratecode) en C:\Users\josenunez\Documents\Proyectos Univisit\RateManagerCss\RateManagerCss\RateManagerCss\HotelAdministrator\clsGetAvail.vb:línea 110
   en RateManager.AvailabilityRestrictions.LoadDataByRP() en C:\Users\josenunez\Documents\Proyectos Univisit\RateManagerCss\RateManagerCss\RateManagerCss\Pages\AvailabilityRestrictions.aspx.vb:línea 1766
   en RateManager.AvailabilityRestrictions.Page_PreRender1(Object sender, EventArgs e) en C:\Users\josenunez\Documents\Proyectos Univisit\RateManagerCss\RateManagerCss\RateManagerCss\Pages\AvailabilityRestrictions.aspx.vb:línea 764
   en System.EventHandler.Invoke(Object sender, EventArgs e)
   en System.Web.UI.Control.OnPreRender(EventArgs e)
   en System.Web.UI.Control.PreRenderRecursiveInternal()
   en System.Web.UI.Page.ProcessRequestMain(Boolean includeStagesBeforeAsyncPoint, Boolean includeStagesAfterAsyncPoint)
10:44:26: No se puede encontrar la tabla 3.   en System.Data.DataTableCollection.get_Item(Int32 index)
   en RateManager.clsGetAvail.ApplyRulesRatesRoom(DataSet& ds, DataTable& dt, DataRow[] drsGral, Byte& minStay, Byte MaxStay, Byte AdvBook, String StatusAvail, DateTime checkin, String& et, String rateCode) en C:\Users\josenunez\Documents\Proyectos Univisit\RateManagerCss\RateManagerCss\RateManagerCss\HotelAdministrator\clsGetAvail.vb:línea 200
   en RateManager.clsGetAvail.GetAvail(DateTime checkin, DateTime checkout, Int32 idhotel, String ratecode) en C:\Users\josenunez\Documents\Proyectos Univisit\RateManagerCss\RateManagerCss\RateManagerCss\HotelAdministrator\clsGetAvail.vb:línea 110
   en RateManager.AvailabilityRestrictions.LoadDataByRP() en C:\Users\josenunez\Documents\Proyectos Univisit\RateManagerCss\RateManagerCss\RateManagerCss\Pages\AvailabilityRestrictions.aspx.vb:línea 1766
   en RateManager.AvailabilityRestrictions.Page_PreRender1(Object sender, EventArgs e) en C:\Users\josenunez\Documents\Proyectos Univisit\RateManagerCss\RateManagerCss\RateManagerCss\Pages\AvailabilityRestrictions.aspx.vb:línea 764
   en System.EventHandler.Invoke(Object sender, EventArgs e)
   en System.Web.UI.Control.OnPreRender(EventArgs e)
   en System.Web.UI.Control.PreRenderRecursiveInternal()
   en System.Web.UI.Page.ProcessRequestMain(Boolean includeStagesBeforeAsyncPoint, Boolean includeStagesAfterAsyncPoint)
10:46:4: No se puede encontrar la tabla 3.   en System.Data.DataTableCollection.get_Item(Int32 index)
   en RateManager.clsGetAvail.ApplyRulesRatesRoom(DataSet& ds, DataTable& dt, DataRow[] drsGral, Byte& minStay, Byte MaxStay, Byte AdvBook, String StatusAvail, DateTime checkin, String& et, String rateCode) en C:\Users\josenunez\Documents\Proyectos Univisit\RateManagerCss\RateManagerCss\RateManagerCss\HotelAdministrator\clsGetAvail.vb:línea 200
   en RateManager.clsGetAvail.GetAvail(DateTime checkin, DateTime checkout, Int32 idhotel, String ratecode) en C:\Users\josenunez\Documents\Proyectos Univisit\RateManagerCss\RateManagerCss\RateManagerCss\HotelAdministrator\clsGetAvail.vb:línea 110
   en RateManager.AvailabilityRestrictions.LoadDataByRP() en C:\Users\josenunez\Documents\Proyectos Univisit\RateManagerCss\RateManagerCss\RateManagerCss\Pages\AvailabilityRestrictions.aspx.vb:línea 1766
   en RateManager.AvailabilityRestrictions.Page_PreRender1(Object sender, EventArgs e) en C:\Users\josenunez\Documents\Proyectos Univisit\RateManagerCss\RateManagerCss\RateManagerCss\Pages\AvailabilityRestrictions.aspx.vb:línea 764
   en System.EventHandler.Invoke(Object sender, EventArgs e)
   en System.Web.UI.Control.OnPreRender(EventArgs e)
   en System.Web.UI.Control.PreRenderRecursiveInternal()
   en System.Web.UI.Page.ProcessRequestMain(Boolean includeStagesBeforeAsyncPoint, Boolean includeStagesAfterAsyncPoint)
11:33:59: Error en el nivel del transporte al recibir los resultados del servidor. (provider: TCP Provider, error: 0 - Se agotó el tiempo de espera del semáforo.)   en System.Data.SqlClient.SqlConnection.OnError(SqlException exception, Boolean breakConnection, Action`1 wrapCloseInAction)
   en System.Data.SqlClient.SqlInternalConnection.OnError(SqlException exception, Boolean breakConnection, Action`1 wrapCloseInAction)
   en System.Data.SqlClient.TdsParser.ThrowExceptionAndWarning(TdsParserStateObject stateObj, Boolean callerHasConnectionLock, Boolean asyncClose)
   en System.Data.SqlClient.TdsParserStateObject.ReadSniError(TdsParserStateObject stateObj, UInt32 error)
   en System.Data.SqlClient.TdsParserStateObject.ReadSniSyncOverAsync()
   en System.Data.SqlClient.TdsParserStateObject.TryReadNetworkPacket()
   en System.Data.SqlClient.TdsParserStateObject.TryPrepareBuffer()
   en System.Data.SqlClient.TdsParserStateObject.TryReadByte(Byte& value)
   en System.Data.SqlClient.TdsParser.TryRun(RunBehavior runBehavior, SqlCommand cmdHandler, SqlDataReader dataStream, BulkCopySimpleResultSet bulkCopyHandler, TdsParserStateObject stateObj, Boolean& dataReady)
   en System.Data.SqlClient.SqlDataReader.TryConsumeMetaData()
   en System.Data.SqlClient.SqlDataReader.get_MetaData()
   en System.Data.SqlClient.SqlCommand.FinishExecuteReader(SqlDataReader ds, RunBehavior runBehavior, String resetOptionsString, Boolean isInternal, Boolean forDescribeParameterEncryption)
   en System.Data.SqlClient.SqlCommand.RunExecuteReaderTds(CommandBehavior cmdBehavior, RunBehavior runBehavior, Boolean returnStream, Boolean async, Int32 timeout, Task& task, Boolean asyncWrite, Boolean inRetry, SqlDataReader ds, Boolean describeParameterEncryptionRequest)
   en System.Data.SqlClient.SqlCommand.RunExecuteReader(CommandBehavior cmdBehavior, RunBehavior runBehavior, Boolean returnStream, String method, TaskCompletionSource`1 completion, Int32 timeout, Task& task, Boolean& usedCache, Boolean asyncWrite, Boolean inRetry)
   en System.Data.SqlClient.SqlCommand.RunExecuteReader(CommandBehavior cmdBehavior, RunBehavior runBehavior, Boolean returnStream, String method)
   en System.Data.SqlClient.SqlCommand.ExecuteReader(CommandBehavior behavior, String method)
   en System.Data.SqlClient.SqlCommand.ExecuteDbDataReader(CommandBehavior behavior)
   en System.Data.Common.DbCommand.System.Data.IDbCommand.ExecuteReader(CommandBehavior behavior)
   en System.Data.Common.DbDataAdapter.FillInternal(DataSet dataset, DataTable[] datatables, Int32 startRecord, Int32 maxRecords, String srcTable, IDbCommand command, CommandBehavior behavior)
   en System.Data.Common.DbDataAdapter.Fill(DataSet dataSet, Int32 startRecord, Int32 maxRecords, String srcTable, IDbCommand command, CommandBehavior behavior)
   en System.Data.Common.DbDataAdapter.Fill(DataSet dataSet, String srcTable)
   en LinkRatePlanAccess.GetList(Int32 IdHotel, Int32 idioma, Int32 idAsociacion)
   en LinkRatePlanFacade.getList(Int32 idhotel, Int32 idioma, Int32 idAsociacion)
   en RateManager.RatesPlans.isLinked(String idRatePlan) en C:\Users\josenunez\Documents\Proyectos Univisit\RateManagerCss\RateManagerCss\RateManagerCss\Pages\RatesPlans.aspx.vb:línea 389
   en RateManager.RatesPlans.dgRatePlans_ItemDataBound(Object sender, DataGridItemEventArgs e) en C:\Users\josenunez\Documents\Proyectos Univisit\RateManagerCss\RateManagerCss\RateManagerCss\Pages\RatesPlans.aspx.vb:línea 467
   en System.Web.UI.WebControls.DataGrid.OnItemDataBound(DataGridItemEventArgs e)
   en System.Web.UI.WebControls.DataGrid.CreateItem(Int32 itemIndex, Int32 dataSourceIndex, ListItemType itemType, Boolean dataBind, Object dataItem, DataGridColumn[] columns, TableRowCollection rows, PagedDataSource pagedDataSource)
   en System.Web.UI.WebControls.DataGrid.CreateControlHierarchy(Boolean useDataSource)
   en System.Web.UI.WebControls.BaseDataList.OnDataBinding(EventArgs e)
   en System.Web.UI.WebControls.BaseDataList.DataBind()
   en RateManager.RatesPlans.loadrateplans(String sFiltro) en C:\Users\josenunez\Documents\Proyectos Univisit\RateManagerCss\RateManagerCss\RateManagerCss\Pages\RatesPlans.aspx.vb:línea 142
   en RateManager.RatesPlans.Page_Load(Object sender, EventArgs e) en C:\Users\josenunez\Documents\Proyectos Univisit\RateManagerCss\RateManagerCss\RateManagerCss\Pages\RatesPlans.aspx.vb:línea 73
   en System.EventHandler.Invoke(Object sender, EventArgs e)
   en System.Web.UI.Control.OnLoad(EventArgs e)
   en System.Web.UI.Control.LoadRecursive()
   en System.Web.UI.Page.ProcessRequestMain(Boolean includeStagesBeforeAsyncPoint, Boolean includeStagesAfterAsyncPoint)
15:24:27: La clase base incluye el campo 'frmPrincipal', pero su tipo (System.Web.UI.HtmlControls.HtmlGenericControl) no es compatible con el tipo de control (System.Web.UI.HtmlControls.HtmlIframe).   en System.Web.Compilation.BaseTemplateCodeDomTreeGenerator.BuildFieldDeclaration(ControlBuilder builder)
   en System.Web.Compilation.BaseTemplateCodeDomTreeGenerator.BuildSourceDataTreeFromBuilder(ControlBuilder builder, Boolean fInTemplate, Boolean topLevelControlInTemplate, PropertyEntry pse)
   en System.Web.Compilation.BaseTemplateCodeDomTreeGenerator.BuildSourceDataTreeFromBuilder(ControlBuilder builder, Boolean fInTemplate, Boolean topLevelControlInTemplate, PropertyEntry pse)
   en System.Web.Compilation.BaseTemplateCodeDomTreeGenerator.BuildSourceDataTreeFromBuilder(ControlBuilder builder, Boolean fInTemplate, Boolean topLevelControlInTemplate, PropertyEntry pse)
   en System.Web.Compilation.TemplateControlCodeDomTreeGenerator.BuildMiscClassMembers()
   en System.Web.Compilation.PageCodeDomTreeGenerator.BuildMiscClassMembers()
   en System.Web.Compilation.BaseCodeDomTreeGenerator.BuildSourceDataTree()
   en System.Web.Compilation.BaseCodeDomTreeGenerator.GetCodeDomTree(CodeDomProvider codeDomProvider, StringResourceBuilder stringResourceBuilder, VirtualPath virtualPath)
   en System.Web.Compilation.BaseTemplateBuildProvider.GenerateCode(AssemblyBuilder assemblyBuilder)
   en System.Web.Compilation.AssemblyBuilder.AddBuildProvider(BuildProvider buildProvider)
