11:5:36: La clase base incluye el campo 'frmPrincipal', pero su tipo (System.Web.UI.HtmlControls.HtmlGenericControl) no es compatible con el tipo de control (System.Web.UI.HtmlControls.HtmlIframe).   en System.Web.Compilation.BaseTemplateCodeDomTreeGenerator.BuildFieldDeclaration(ControlBuilder builder)
   en System.Web.Compilation.BaseTemplateCodeDomTreeGenerator.BuildSourceDataTreeFromBuilder(ControlBuilder builder, Boolean fInTemplate, Boolean topLevelControlInTemplate, PropertyEntry pse)
   en System.Web.Compilation.BaseTemplateCodeDomTreeGenerator.BuildSourceDataTreeFromBuilder(ControlBuilder builder, Boolean fInTemplate, Boolean topLevelControlInTemplate, PropertyEntry pse)
   en System.Web.Compilation.BaseTemplateCodeDomTreeGenerator.BuildSourceDataTreeFromBuilder(ControlBuilder builder, Boolean fInTemplate, Boolean topLevelControlInTemplate, PropertyEntry pse)
   en System.Web.Compilation.TemplateControlCodeDomTreeGenerator.BuildMiscClassMembers()
   en System.Web.Compilation.PageCodeDomTreeGenerator.BuildMiscClassMembers()
   en System.Web.Compilation.BaseCodeDomTreeGenerator.BuildSourceDataTree()
   en System.Web.Compilation.BaseCodeDomTreeGenerator.GetCodeDomTree(CodeDomProvider codeDomProvider, StringResourceBuilder stringResourceBuilder, VirtualPath virtualPath)
   en System.Web.Compilation.BaseTemplateBuildProvider.GenerateCode(AssemblyBuilder assemblyBuilder)
   en System.Web.Compilation.AssemblyBuilder.AddBuildProvider(BuildProvider buildProvider)
13:54:14: La clase base incluye el campo 'frmPrincipal', pero su tipo (System.Web.UI.HtmlControls.HtmlGenericControl) no es compatible con el tipo de control (System.Web.UI.HtmlControls.HtmlIframe).   en System.Web.Compilation.BaseTemplateCodeDomTreeGenerator.BuildFieldDeclaration(ControlBuilder builder)
   en System.Web.Compilation.BaseTemplateCodeDomTreeGenerator.BuildSourceDataTreeFromBuilder(ControlBuilder builder, Boolean fInTemplate, Boolean topLevelControlInTemplate, PropertyEntry pse)
   en System.Web.Compilation.BaseTemplateCodeDomTreeGenerator.BuildSourceDataTreeFromBuilder(ControlBuilder builder, Boolean fInTemplate, Boolean topLevelControlInTemplate, PropertyEntry pse)
   en System.Web.Compilation.BaseTemplateCodeDomTreeGenerator.BuildSourceDataTreeFromBuilder(ControlBuilder builder, Boolean fInTemplate, Boolean topLevelControlInTemplate, PropertyEntry pse)
   en System.Web.Compilation.TemplateControlCodeDomTreeGenerator.BuildMiscClassMembers()
   en System.Web.Compilation.PageCodeDomTreeGenerator.BuildMiscClassMembers()
   en System.Web.Compilation.BaseCodeDomTreeGenerator.BuildSourceDataTree()
   en System.Web.Compilation.BaseCodeDomTreeGenerator.GetCodeDomTree(CodeDomProvider codeDomProvider, StringResourceBuilder stringResourceBuilder, VirtualPath virtualPath)
   en System.Web.Compilation.BaseTemplateBuildProvider.GenerateCode(AssemblyBuilder assemblyBuilder)
   en System.Web.Compilation.AssemblyBuilder.AddBuildProvider(BuildProvider buildProvider)
15:21:13: La clase base incluye el campo 'frmPrincipal', pero su tipo (System.Web.UI.HtmlControls.HtmlGenericControl) no es compatible con el tipo de control (System.Web.UI.HtmlControls.HtmlIframe).   en System.Web.Compilation.BaseTemplateCodeDomTreeGenerator.BuildFieldDeclaration(ControlBuilder builder)
   en System.Web.Compilation.BaseTemplateCodeDomTreeGenerator.BuildSourceDataTreeFromBuilder(ControlBuilder builder, Boolean fInTemplate, Boolean topLevelControlInTemplate, PropertyEntry pse)
   en System.Web.Compilation.BaseTemplateCodeDomTreeGenerator.BuildSourceDataTreeFromBuilder(ControlBuilder builder, Boolean fInTemplate, Boolean topLevelControlInTemplate, PropertyEntry pse)
   en System.Web.Compilation.BaseTemplateCodeDomTreeGenerator.BuildSourceDataTreeFromBuilder(ControlBuilder builder, Boolean fInTemplate, Boolean topLevelControlInTemplate, PropertyEntry pse)
   en System.Web.Compilation.TemplateControlCodeDomTreeGenerator.BuildMiscClassMembers()
   en System.Web.Compilation.PageCodeDomTreeGenerator.BuildMiscClassMembers()
   en System.Web.Compilation.BaseCodeDomTreeGenerator.BuildSourceDataTree()
   en System.Web.Compilation.BaseCodeDomTreeGenerator.GetCodeDomTree(CodeDomProvider codeDomProvider, StringResourceBuilder stringResourceBuilder, VirtualPath virtualPath)
   en System.Web.Compilation.BaseTemplateBuildProvider.GenerateCode(AssemblyBuilder assemblyBuilder)
   en System.Web.Compilation.AssemblyBuilder.AddBuildProvider(BuildProvider buildProvider)
15:24:59: La columna 'pito' no pertenece a la tabla RatePlans.   en System.Data.DataRow.GetDataColumn(String columnName)
   en System.Data.DataRow.get_Item(String columnName)
   en RateManager.ctrRatePlan.loadRatePlan(String id, Boolean Principal) en C:\Users\josenunez\Documents\Proyectos Univisit\RateManagerCss\RateManagerCss\RateManagerCss\Modulos\ctrRatePlan.ascx.vb:línea 956
   en RateManager.RatesPlans.dgRatePlans_ItemCommand(Object source, DataGridCommandEventArgs e) en C:\Users\josenunez\Documents\Proyectos Univisit\RateManagerCss\RateManagerCss\RateManagerCss\Pages\RatesPlans.aspx.vb:línea 293
   en System.Web.UI.WebControls.DataGrid.OnItemCommand(DataGridCommandEventArgs e)
   en System.Web.UI.WebControls.DataGrid.OnBubbleEvent(Object source, EventArgs e)
   en System.Web.UI.Control.RaiseBubbleEvent(Object source, EventArgs args)
   en System.Web.UI.WebControls.DataGridItem.OnBubbleEvent(Object source, EventArgs e)
   en System.Web.UI.Control.RaiseBubbleEvent(Object source, EventArgs args)
   en System.Web.UI.WebControls.LinkButton.OnCommand(CommandEventArgs e)
   en System.Web.UI.WebControls.LinkButton.RaisePostBackEvent(String eventArgument)
   en System.Web.UI.WebControls.LinkButton.System.Web.UI.IPostBackEventHandler.RaisePostBackEvent(String eventArgument)
   en System.Web.UI.Page.RaisePostBackEvent(IPostBackEventHandler sourceControl, String eventArgument)
   en System.Web.UI.Page.RaisePostBackEvent(NameValueCollection postData)
   en System.Web.UI.Page.ProcessRequestMain(Boolean includeStagesBeforeAsyncPoint, Boolean includeStagesAfterAsyncPoint)
16:43:50: La clase base incluye el campo 'frmPrincipal', pero su tipo (System.Web.UI.HtmlControls.HtmlGenericControl) no es compatible con el tipo de control (System.Web.UI.HtmlControls.HtmlIframe).   en System.Web.Compilation.BaseTemplateCodeDomTreeGenerator.BuildFieldDeclaration(ControlBuilder builder)
   en System.Web.Compilation.BaseTemplateCodeDomTreeGenerator.BuildSourceDataTreeFromBuilder(ControlBuilder builder, Boolean fInTemplate, Boolean topLevelControlInTemplate, PropertyEntry pse)
   en System.Web.Compilation.BaseTemplateCodeDomTreeGenerator.BuildSourceDataTreeFromBuilder(ControlBuilder builder, Boolean fInTemplate, Boolean topLevelControlInTemplate, PropertyEntry pse)
   en System.Web.Compilation.BaseTemplateCodeDomTreeGenerator.BuildSourceDataTreeFromBuilder(ControlBuilder builder, Boolean fInTemplate, Boolean topLevelControlInTemplate, PropertyEntry pse)
   en System.Web.Compilation.TemplateControlCodeDomTreeGenerator.BuildMiscClassMembers()
   en System.Web.Compilation.PageCodeDomTreeGenerator.BuildMiscClassMembers()
   en System.Web.Compilation.BaseCodeDomTreeGenerator.BuildSourceDataTree()
   en System.Web.Compilation.BaseCodeDomTreeGenerator.GetCodeDomTree(CodeDomProvider codeDomProvider, StringResourceBuilder stringResourceBuilder, VirtualPath virtualPath)
   en System.Web.Compilation.BaseTemplateBuildProvider.GenerateCode(AssemblyBuilder assemblyBuilder)
   en System.Web.Compilation.AssemblyBuilder.AddBuildProvider(BuildProvider buildProvider)
