12:7:9: No se encontró ningún campo o propiedad 'tarifamin' en el origen de datos seleccionado.   en System.Web.UI.WebControls.BoundColumn.OnDataBindColumn(Object sender, EventArgs e)
   en System.Web.UI.Control.OnDataBinding(EventArgs e)
   en System.Web.UI.Control.DataBind(Boolean raiseOnDataBinding)
   en System.Web.UI.Control.DataBind()
   en System.Web.UI.Control.DataBindChildren()
   en System.Web.UI.Control.DataBind(Boolean raiseOnDataBinding)
   en System.Web.UI.Control.DataBind()
   en System.Web.UI.WebControls.DataGrid.CreateItem(Int32 itemIndex, Int32 dataSourceIndex, ListItemType itemType, Boolean dataBind, Object dataItem, DataGridColumn[] columns, TableRowCollection rows, PagedDataSource pagedDataSource)
   en System.Web.UI.WebControls.DataGrid.CreateControlHierarchy(Boolean useDataSource)
   en System.Web.UI.WebControls.BaseDataList.OnDataBinding(EventArgs e)
   en System.Web.UI.WebControls.BaseDataList.DataBind()
   en RateManager.Groups.dgLocksForGroup_ItemDataBound(Object sender, DataGridItemEventArgs e) en C:\Users\josenunez\Documents\Proyectos Univisit\RateManagerCss\RateManagerCss\RateManagerCss\Pages\Groups.aspx.vb:línea 678
   en System.Web.UI.WebControls.DataGrid.OnItemDataBound(DataGridItemEventArgs e)
   en System.Web.UI.WebControls.DataGrid.CreateItem(Int32 itemIndex, Int32 dataSourceIndex, ListItemType itemType, Boolean dataBind, Object dataItem, DataGridColumn[] columns, TableRowCollection rows, PagedDataSource pagedDataSource)
   en System.Web.UI.WebControls.DataGrid.CreateControlHierarchy(Boolean useDataSource)
   en System.Web.UI.WebControls.BaseDataList.OnDataBinding(EventArgs e)
   en System.Web.UI.WebControls.BaseDataList.DataBind()
   en RateManager.Groups.LoadLocks(Int32 IdConvenio) en C:\Users\josenunez\Documents\Proyectos Univisit\RateManagerCss\RateManagerCss\RateManagerCss\Pages\Groups.aspx.vb:línea 523
   en RateManager.Groups.dgConvenio_ItemCommand(Object source, DataGridCommandEventArgs e) en C:\Users\josenunez\Documents\Proyectos Univisit\RateManagerCss\RateManagerCss\RateManagerCss\Pages\Groups.aspx.vb:línea 1303
   en System.Web.UI.WebControls.DataGrid.OnItemCommand(DataGridCommandEventArgs e)
   en System.Web.UI.WebControls.DataGrid.OnBubbleEvent(Object source, EventArgs e)
   en System.Web.UI.Control.RaiseBubbleEvent(Object source, EventArgs args)
   en System.Web.UI.WebControls.DataGridItem.OnBubbleEvent(Object source, EventArgs e)
   en System.Web.UI.Control.RaiseBubbleEvent(Object source, EventArgs args)
   en System.Web.UI.WebControls.LinkButton.OnCommand(CommandEventArgs e)
   en System.Web.UI.WebControls.LinkButton.RaisePostBackEvent(String eventArgument)
   en System.Web.UI.WebControls.LinkButton.System.Web.UI.IPostBackEventHandler.RaisePostBackEvent(String eventArgument)
   en System.Web.UI.Page.RaisePostBackEvent(IPostBackEventHandler sourceControl, String eventArgument)
   en System.Web.UI.Page.RaisePostBackEvent(NameValueCollection postData)
   en System.Web.UI.Page.ProcessRequestMain(Boolean includeStagesBeforeAsyncPoint, Boolean includeStagesAfterAsyncPoint)
12:8:13: El contenido literal ('<!--') no está permitido en 'System.Web.UI.WebControls.DataGridColumnCollection'.   en System.Web.UI.TemplateParser.ProcessException(Exception ex)
   en System.Web.UI.TemplateParser.ParseStringInternal(String text, Encoding fileEncoding)
   en System.Web.UI.TemplateParser.ParseString(String text, VirtualPath virtualPath, Encoding fileEncoding)
12:14:19: No se encontró ningún campo o propiedad 'idTarifa' en el origen de datos seleccionado.   en System.Web.UI.WebControls.BoundColumn.OnDataBindColumn(Object sender, EventArgs e)
   en System.Web.UI.Control.OnDataBinding(EventArgs e)
   en System.Web.UI.Control.DataBind(Boolean raiseOnDataBinding)
   en System.Web.UI.Control.DataBind()
   en System.Web.UI.Control.DataBindChildren()
   en System.Web.UI.Control.DataBind(Boolean raiseOnDataBinding)
   en System.Web.UI.Control.DataBind()
   en System.Web.UI.WebControls.DataGrid.CreateItem(Int32 itemIndex, Int32 dataSourceIndex, ListItemType itemType, Boolean dataBind, Object dataItem, DataGridColumn[] columns, TableRowCollection rows, PagedDataSource pagedDataSource)
   en System.Web.UI.WebControls.DataGrid.CreateControlHierarchy(Boolean useDataSource)
   en System.Web.UI.WebControls.BaseDataList.OnDataBinding(EventArgs e)
   en System.Web.UI.WebControls.BaseDataList.DataBind()
   en RateManager.Groups.dgLocksForGroup_ItemDataBound(Object sender, DataGridItemEventArgs e) en C:\Users\josenunez\Documents\Proyectos Univisit\RateManagerCss\RateManagerCss\RateManagerCss\Pages\Groups.aspx.vb:línea 678
   en System.Web.UI.WebControls.DataGrid.OnItemDataBound(DataGridItemEventArgs e)
   en System.Web.UI.WebControls.DataGrid.CreateItem(Int32 itemIndex, Int32 dataSourceIndex, ListItemType itemType, Boolean dataBind, Object dataItem, DataGridColumn[] columns, TableRowCollection rows, PagedDataSource pagedDataSource)
   en System.Web.UI.WebControls.DataGrid.CreateControlHierarchy(Boolean useDataSource)
   en System.Web.UI.WebControls.BaseDataList.OnDataBinding(EventArgs e)
   en System.Web.UI.WebControls.BaseDataList.DataBind()
   en RateManager.Groups.LoadLocks(Int32 IdConvenio) en C:\Users\josenunez\Documents\Proyectos Univisit\RateManagerCss\RateManagerCss\RateManagerCss\Pages\Groups.aspx.vb:línea 523
   en RateManager.Groups.dgConvenio_ItemCommand(Object source, DataGridCommandEventArgs e) en C:\Users\josenunez\Documents\Proyectos Univisit\RateManagerCss\RateManagerCss\RateManagerCss\Pages\Groups.aspx.vb:línea 1303
   en System.Web.UI.WebControls.DataGrid.OnItemCommand(DataGridCommandEventArgs e)
   en System.Web.UI.WebControls.DataGrid.OnBubbleEvent(Object source, EventArgs e)
   en System.Web.UI.Control.RaiseBubbleEvent(Object source, EventArgs args)
   en System.Web.UI.WebControls.DataGridItem.OnBubbleEvent(Object source, EventArgs e)
   en System.Web.UI.Control.RaiseBubbleEvent(Object source, EventArgs args)
   en System.Web.UI.WebControls.LinkButton.OnCommand(CommandEventArgs e)
   en System.Web.UI.WebControls.LinkButton.RaisePostBackEvent(String eventArgument)
   en System.Web.UI.WebControls.LinkButton.System.Web.UI.IPostBackEventHandler.RaisePostBackEvent(String eventArgument)
   en System.Web.UI.Page.RaisePostBackEvent(IPostBackEventHandler sourceControl, String eventArgument)
   en System.Web.UI.Page.RaisePostBackEvent(NameValueCollection postData)
   en System.Web.UI.Page.ProcessRequestMain(Boolean includeStagesBeforeAsyncPoint, Boolean includeStagesAfterAsyncPoint)
12:14:21: No se encontró ningún campo o propiedad 'idTarifa' en el origen de datos seleccionado.   en System.Web.UI.WebControls.BoundColumn.OnDataBindColumn(Object sender, EventArgs e)
   en System.Web.UI.Control.OnDataBinding(EventArgs e)
   en System.Web.UI.Control.DataBind(Boolean raiseOnDataBinding)
   en System.Web.UI.Control.DataBind()
   en System.Web.UI.Control.DataBindChildren()
   en System.Web.UI.Control.DataBind(Boolean raiseOnDataBinding)
   en System.Web.UI.Control.DataBind()
   en System.Web.UI.WebControls.DataGrid.CreateItem(Int32 itemIndex, Int32 dataSourceIndex, ListItemType itemType, Boolean dataBind, Object dataItem, DataGridColumn[] columns, TableRowCollection rows, PagedDataSource pagedDataSource)
   en System.Web.UI.WebControls.DataGrid.CreateControlHierarchy(Boolean useDataSource)
   en System.Web.UI.WebControls.BaseDataList.OnDataBinding(EventArgs e)
   en System.Web.UI.WebControls.BaseDataList.DataBind()
   en RateManager.Groups.dgLocksForGroup_ItemDataBound(Object sender, DataGridItemEventArgs e) en C:\Users\josenunez\Documents\Proyectos Univisit\RateManagerCss\RateManagerCss\RateManagerCss\Pages\Groups.aspx.vb:línea 678
   en System.Web.UI.WebControls.DataGrid.OnItemDataBound(DataGridItemEventArgs e)
   en System.Web.UI.WebControls.DataGrid.CreateItem(Int32 itemIndex, Int32 dataSourceIndex, ListItemType itemType, Boolean dataBind, Object dataItem, DataGridColumn[] columns, TableRowCollection rows, PagedDataSource pagedDataSource)
   en System.Web.UI.WebControls.DataGrid.CreateControlHierarchy(Boolean useDataSource)
   en System.Web.UI.WebControls.BaseDataList.OnDataBinding(EventArgs e)
   en System.Web.UI.WebControls.BaseDataList.DataBind()
   en RateManager.Groups.LoadLocks(Int32 IdConvenio) en C:\Users\josenunez\Documents\Proyectos Univisit\RateManagerCss\RateManagerCss\RateManagerCss\Pages\Groups.aspx.vb:línea 523
   en RateManager.Groups.dgConvenio_ItemCommand(Object source, DataGridCommandEventArgs e) en C:\Users\josenunez\Documents\Proyectos Univisit\RateManagerCss\RateManagerCss\RateManagerCss\Pages\Groups.aspx.vb:línea 1303
   en System.Web.UI.WebControls.DataGrid.OnItemCommand(DataGridCommandEventArgs e)
   en System.Web.UI.WebControls.DataGrid.OnBubbleEvent(Object source, EventArgs e)
   en System.Web.UI.Control.RaiseBubbleEvent(Object source, EventArgs args)
   en System.Web.UI.WebControls.DataGridItem.OnBubbleEvent(Object source, EventArgs e)
   en System.Web.UI.Control.RaiseBubbleEvent(Object source, EventArgs args)
   en System.Web.UI.WebControls.LinkButton.OnCommand(CommandEventArgs e)
   en System.Web.UI.WebControls.LinkButton.RaisePostBackEvent(String eventArgument)
   en System.Web.UI.WebControls.LinkButton.System.Web.UI.IPostBackEventHandler.RaisePostBackEvent(String eventArgument)
   en System.Web.UI.Page.RaisePostBackEvent(IPostBackEventHandler sourceControl, String eventArgument)
   en System.Web.UI.Page.RaisePostBackEvent(NameValueCollection postData)
   en System.Web.UI.Page.ProcessRequestMain(Boolean includeStagesBeforeAsyncPoint, Boolean includeStagesAfterAsyncPoint)
12:17:28: No se encontró ningún campo o propiedad 'idTarifa' en el origen de datos seleccionado.   en System.Web.UI.WebControls.BoundColumn.OnDataBindColumn(Object sender, EventArgs e)
   en System.Web.UI.Control.OnDataBinding(EventArgs e)
   en System.Web.UI.Control.DataBind(Boolean raiseOnDataBinding)
   en System.Web.UI.Control.DataBind()
   en System.Web.UI.Control.DataBindChildren()
   en System.Web.UI.Control.DataBind(Boolean raiseOnDataBinding)
   en System.Web.UI.Control.DataBind()
   en System.Web.UI.WebControls.DataGrid.CreateItem(Int32 itemIndex, Int32 dataSourceIndex, ListItemType itemType, Boolean dataBind, Object dataItem, DataGridColumn[] columns, TableRowCollection rows, PagedDataSource pagedDataSource)
   en System.Web.UI.WebControls.DataGrid.CreateControlHierarchy(Boolean useDataSource)
   en System.Web.UI.WebControls.BaseDataList.OnDataBinding(EventArgs e)
   en System.Web.UI.WebControls.BaseDataList.DataBind()
   en RateManager.Groups.dgLocksForGroup_ItemDataBound(Object sender, DataGridItemEventArgs e) en C:\Users\josenunez\Documents\Proyectos Univisit\RateManagerCss\RateManagerCss\RateManagerCss\Pages\Groups.aspx.vb:línea 678
   en System.Web.UI.WebControls.DataGrid.OnItemDataBound(DataGridItemEventArgs e)
   en System.Web.UI.WebControls.DataGrid.CreateItem(Int32 itemIndex, Int32 dataSourceIndex, ListItemType itemType, Boolean dataBind, Object dataItem, DataGridColumn[] columns, TableRowCollection rows, PagedDataSource pagedDataSource)
   en System.Web.UI.WebControls.DataGrid.CreateControlHierarchy(Boolean useDataSource)
   en System.Web.UI.WebControls.BaseDataList.OnDataBinding(EventArgs e)
   en System.Web.UI.WebControls.BaseDataList.DataBind()
   en RateManager.Groups.LoadLocks(Int32 IdConvenio) en C:\Users\josenunez\Documents\Proyectos Univisit\RateManagerCss\RateManagerCss\RateManagerCss\Pages\Groups.aspx.vb:línea 523
   en RateManager.Groups.dgConvenio_ItemCommand(Object source, DataGridCommandEventArgs e) en C:\Users\josenunez\Documents\Proyectos Univisit\RateManagerCss\RateManagerCss\RateManagerCss\Pages\Groups.aspx.vb:línea 1303
   en System.Web.UI.WebControls.DataGrid.OnItemCommand(DataGridCommandEventArgs e)
   en System.Web.UI.WebControls.DataGrid.OnBubbleEvent(Object source, EventArgs e)
   en System.Web.UI.Control.RaiseBubbleEvent(Object source, EventArgs args)
   en System.Web.UI.WebControls.DataGridItem.OnBubbleEvent(Object source, EventArgs e)
   en System.Web.UI.Control.RaiseBubbleEvent(Object source, EventArgs args)
   en System.Web.UI.WebControls.LinkButton.OnCommand(CommandEventArgs e)
   en System.Web.UI.WebControls.LinkButton.RaisePostBackEvent(String eventArgument)
   en System.Web.UI.WebControls.LinkButton.System.Web.UI.IPostBackEventHandler.RaisePostBackEvent(String eventArgument)
   en System.Web.UI.Page.RaisePostBackEvent(IPostBackEventHandler sourceControl, String eventArgument)
   en System.Web.UI.Page.RaisePostBackEvent(NameValueCollection postData)
   en System.Web.UI.Page.ProcessRequestMain(Boolean includeStagesBeforeAsyncPoint, Boolean includeStagesAfterAsyncPoint)
12:18:52: El argumento especificado está fuera del intervalo de valores válidos.
Nombre del parámetro: index   en System.Web.UI.ControlCollection.get_Item(Int32 index)
   en System.Web.UI.WebControls.TableCellCollection.get_Item(Int32 index)
   en RateManager.Groups.dgRooms_ItemDataBound(Object sender, DataGridItemEventArgs e) en C:\Users\josenunez\Documents\Proyectos Univisit\RateManagerCss\RateManagerCss\RateManagerCss\Pages\Groups.aspx.vb:línea 813
   en System.Web.UI.WebControls.DataGrid.OnItemDataBound(DataGridItemEventArgs e)
   en System.Web.UI.WebControls.DataGrid.CreateItem(Int32 itemIndex, Int32 dataSourceIndex, ListItemType itemType, Boolean dataBind, Object dataItem, DataGridColumn[] columns, TableRowCollection rows, PagedDataSource pagedDataSource)
   en System.Web.UI.WebControls.DataGrid.CreateControlHierarchy(Boolean useDataSource)
   en System.Web.UI.WebControls.BaseDataList.OnDataBinding(EventArgs e)
   en System.Web.UI.WebControls.BaseDataList.DataBind()
   en RateManager.Groups.dgLocksForGroup_ItemDataBound(Object sender, DataGridItemEventArgs e) en C:\Users\josenunez\Documents\Proyectos Univisit\RateManagerCss\RateManagerCss\RateManagerCss\Pages\Groups.aspx.vb:línea 678
   en System.Web.UI.WebControls.DataGrid.OnItemDataBound(DataGridItemEventArgs e)
   en System.Web.UI.WebControls.DataGrid.CreateItem(Int32 itemIndex, Int32 dataSourceIndex, ListItemType itemType, Boolean dataBind, Object dataItem, DataGridColumn[] columns, TableRowCollection rows, PagedDataSource pagedDataSource)
   en System.Web.UI.WebControls.DataGrid.CreateControlHierarchy(Boolean useDataSource)
   en System.Web.UI.WebControls.BaseDataList.OnDataBinding(EventArgs e)
   en System.Web.UI.WebControls.BaseDataList.DataBind()
   en RateManager.Groups.LoadLocks(Int32 IdConvenio) en C:\Users\josenunez\Documents\Proyectos Univisit\RateManagerCss\RateManagerCss\RateManagerCss\Pages\Groups.aspx.vb:línea 523
   en RateManager.Groups.dgConvenio_ItemCommand(Object source, DataGridCommandEventArgs e) en C:\Users\josenunez\Documents\Proyectos Univisit\RateManagerCss\RateManagerCss\RateManagerCss\Pages\Groups.aspx.vb:línea 1303
   en System.Web.UI.WebControls.DataGrid.OnItemCommand(DataGridCommandEventArgs e)
   en System.Web.UI.WebControls.DataGrid.OnBubbleEvent(Object source, EventArgs e)
   en System.Web.UI.Control.RaiseBubbleEvent(Object source, EventArgs args)
   en System.Web.UI.WebControls.DataGridItem.OnBubbleEvent(Object source, EventArgs e)
   en System.Web.UI.Control.RaiseBubbleEvent(Object source, EventArgs args)
   en System.Web.UI.WebControls.LinkButton.OnCommand(CommandEventArgs e)
   en System.Web.UI.WebControls.LinkButton.RaisePostBackEvent(String eventArgument)
   en System.Web.UI.WebControls.LinkButton.System.Web.UI.IPostBackEventHandler.RaisePostBackEvent(String eventArgument)
   en System.Web.UI.Page.RaisePostBackEvent(IPostBackEventHandler sourceControl, String eventArgument)
   en System.Web.UI.Page.RaisePostBackEvent(NameValueCollection postData)
   en System.Web.UI.Page.ProcessRequestMain(Boolean includeStagesBeforeAsyncPoint, Boolean includeStagesAfterAsyncPoint)
14:18:9: La clase base incluye el campo 'frmPrincipal', pero su tipo (System.Web.UI.HtmlControls.HtmlGenericControl) no es compatible con el tipo de control (System.Web.UI.HtmlControls.HtmlIframe).   en System.Web.Compilation.BaseTemplateCodeDomTreeGenerator.BuildFieldDeclaration(ControlBuilder builder)
   en System.Web.Compilation.BaseTemplateCodeDomTreeGenerator.BuildSourceDataTreeFromBuilder(ControlBuilder builder, Boolean fInTemplate, Boolean topLevelControlInTemplate, PropertyEntry pse)
   en System.Web.Compilation.BaseTemplateCodeDomTreeGenerator.BuildSourceDataTreeFromBuilder(ControlBuilder builder, Boolean fInTemplate, Boolean topLevelControlInTemplate, PropertyEntry pse)
   en System.Web.Compilation.BaseTemplateCodeDomTreeGenerator.BuildSourceDataTreeFromBuilder(ControlBuilder builder, Boolean fInTemplate, Boolean topLevelControlInTemplate, PropertyEntry pse)
   en System.Web.Compilation.TemplateControlCodeDomTreeGenerator.BuildMiscClassMembers()
   en System.Web.Compilation.PageCodeDomTreeGenerator.BuildMiscClassMembers()
   en System.Web.Compilation.BaseCodeDomTreeGenerator.BuildSourceDataTree()
   en System.Web.Compilation.BaseCodeDomTreeGenerator.GetCodeDomTree(CodeDomProvider codeDomProvider, StringResourceBuilder stringResourceBuilder, VirtualPath virtualPath)
   en System.Web.Compilation.BaseTemplateBuildProvider.GenerateCode(AssemblyBuilder assemblyBuilder)
   en System.Web.Compilation.AssemblyBuilder.AddBuildProvider(BuildProvider buildProvider)
14:18:29: La clase base incluye el campo 'frmPrincipal', pero su tipo (System.Web.UI.HtmlControls.HtmlGenericControl) no es compatible con el tipo de control (System.Web.UI.HtmlControls.HtmlIframe).   en System.Web.Compilation.BaseTemplateCodeDomTreeGenerator.BuildFieldDeclaration(ControlBuilder builder)
   en System.Web.Compilation.BaseTemplateCodeDomTreeGenerator.BuildSourceDataTreeFromBuilder(ControlBuilder builder, Boolean fInTemplate, Boolean topLevelControlInTemplate, PropertyEntry pse)
   en System.Web.Compilation.BaseTemplateCodeDomTreeGenerator.BuildSourceDataTreeFromBuilder(ControlBuilder builder, Boolean fInTemplate, Boolean topLevelControlInTemplate, PropertyEntry pse)
   en System.Web.Compilation.BaseTemplateCodeDomTreeGenerator.BuildSourceDataTreeFromBuilder(ControlBuilder builder, Boolean fInTemplate, Boolean topLevelControlInTemplate, PropertyEntry pse)
   en System.Web.Compilation.TemplateControlCodeDomTreeGenerator.BuildMiscClassMembers()
   en System.Web.Compilation.PageCodeDomTreeGenerator.BuildMiscClassMembers()
   en System.Web.Compilation.BaseCodeDomTreeGenerator.BuildSourceDataTree()
   en System.Web.Compilation.BaseCodeDomTreeGenerator.GetCodeDomTree(CodeDomProvider codeDomProvider, StringResourceBuilder stringResourceBuilder, VirtualPath virtualPath)
   en System.Web.Compilation.BaseTemplateBuildProvider.GenerateCode(AssemblyBuilder assemblyBuilder)
   en System.Web.Compilation.AssemblyBuilder.AddBuildProvider(BuildProvider buildProvider)
