11:55:23: La clase base incluye el campo 'frmPrincipal', pero su tipo (System.Web.UI.HtmlControls.HtmlGenericControl) no es compatible con el tipo de control (System.Web.UI.HtmlControls.HtmlIframe).   en System.Web.Compilation.BaseTemplateCodeDomTreeGenerator.BuildFieldDeclaration(ControlBuilder builder)
   en System.Web.Compilation.BaseTemplateCodeDomTreeGenerator.BuildSourceDataTreeFromBuilder(ControlBuilder builder, Boolean fInTemplate, Boolean topLevelControlInTemplate, PropertyEntry pse)
   en System.Web.Compilation.BaseTemplateCodeDomTreeGenerator.BuildSourceDataTreeFromBuilder(ControlBuilder builder, Boolean fInTemplate, Boolean topLevelControlInTemplate, PropertyEntry pse)
   en System.Web.Compilation.BaseTemplateCodeDomTreeGenerator.BuildSourceDataTreeFromBuilder(ControlBuilder builder, Boolean fInTemplate, Boolean topLevelControlInTemplate, PropertyEntry pse)
   en System.Web.Compilation.TemplateControlCodeDomTreeGenerator.BuildMiscClassMembers()
   en System.Web.Compilation.PageCodeDomTreeGenerator.BuildMiscClassMembers()
   en System.Web.Compilation.BaseCodeDomTreeGenerator.BuildSourceDataTree()
   en System.Web.Compilation.BaseCodeDomTreeGenerator.GetCodeDomTree(CodeDomProvider codeDomProvider, StringResourceBuilder stringResourceBuilder, VirtualPath virtualPath)
   en System.Web.Compilation.BaseTemplateBuildProvider.GenerateCode(AssemblyBuilder assemblyBuilder)
   en System.Web.Compilation.AssemblyBuilder.AddBuildProvider(BuildProvider buildProvider)
12:21:35: Error al serializar el valor 'System.Data.DataView' del tipo 'System.Data.DataView.'   en System.Web.UI.ObjectStateFormatter.SerializeValue(SerializerBinaryWriter writer, Object value)
   en System.Web.UI.ObjectStateFormatter.Serialize(Stream outputStream, Object stateGraph)
   en System.Web.UI.ObjectStateFormatter.Serialize(Object stateGraph, Purpose purpose)
   en System.Web.UI.ObjectStateFormatter.System.Web.UI.IStateFormatter2.Serialize(Object state, Purpose purpose)
   en System.Web.UI.Util.SerializeWithAssert(IStateFormatter2 formatter, Object stateGraph, Purpose purpose)
   en System.Web.UI.HiddenFieldPageStatePersister.Save()
   en System.Web.UI.Page.SavePageStateToPersistenceMedium(Object state)
   en System.Web.UI.Page.SaveAllState()
   en System.Web.UI.Page.ProcessRequestMain(Boolean includeStagesBeforeAsyncPoint, Boolean includeStagesAfterAsyncPoint)
12:46:30: Referencia a objeto no establecida como instancia de un objeto.   en RateManager.FaresCatalogueException.btnSave_Click(Object sender, EventArgs e) en C:\Users\josenunez\Documents\Proyectos Univisit\RateManagerCss\RateManagerCss\RateManagerCss\Pages\FaresCatalogueException.aspx.vb:línea 379
   en System.Web.UI.WebControls.Button.OnClick(EventArgs e)
   en System.Web.UI.WebControls.Button.RaisePostBackEvent(String eventArgument)
   en System.Web.UI.WebControls.Button.System.Web.UI.IPostBackEventHandler.RaisePostBackEvent(String eventArgument)
   en System.Web.UI.Page.RaisePostBackEvent(IPostBackEventHandler sourceControl, String eventArgument)
   en System.Web.UI.Page.RaisePostBackEvent(NameValueCollection postData)
   en System.Web.UI.Page.ProcessRequestMain(Boolean includeStagesBeforeAsyncPoint, Boolean includeStagesAfterAsyncPoint)
12:49:52: Referencia a objeto no establecida como instancia de un objeto.   en RateManager.FaresCatalogueException.btnSave_Click(Object sender, EventArgs e) en C:\Users\josenunez\Documents\Proyectos Univisit\RateManagerCss\RateManagerCss\RateManagerCss\Pages\FaresCatalogueException.aspx.vb:línea 379
   en System.Web.UI.WebControls.Button.OnClick(EventArgs e)
   en System.Web.UI.WebControls.Button.RaisePostBackEvent(String eventArgument)
   en System.Web.UI.WebControls.Button.System.Web.UI.IPostBackEventHandler.RaisePostBackEvent(String eventArgument)
   en System.Web.UI.Page.RaisePostBackEvent(IPostBackEventHandler sourceControl, String eventArgument)
   en System.Web.UI.Page.RaisePostBackEvent(NameValueCollection postData)
   en System.Web.UI.Page.ProcessRequestMain(Boolean includeStagesBeforeAsyncPoint, Boolean includeStagesAfterAsyncPoint)
13:6:35: Segment no es DataColumn ni DataRelation para la tabla Tarifas.   en System.Data.DataRowView.get_Item(String property)
   en RateManager.FaresCatalogueException.LoadRates() en C:\Users\josenunez\Documents\Proyectos Univisit\RateManagerCss\RateManagerCss\RateManagerCss\Pages\FaresCatalogueException.aspx.vb:línea 234
   en RateManager.FaresCatalogueException.btnLoad_Click(Object sender, EventArgs e) en C:\Users\josenunez\Documents\Proyectos Univisit\RateManagerCss\RateManagerCss\RateManagerCss\Pages\FaresCatalogueException.aspx.vb:línea 325
   en System.Web.UI.WebControls.Button.OnClick(EventArgs e)
   en System.Web.UI.WebControls.Button.RaisePostBackEvent(String eventArgument)
   en System.Web.UI.WebControls.Button.System.Web.UI.IPostBackEventHandler.RaisePostBackEvent(String eventArgument)
   en System.Web.UI.Page.RaisePostBackEvent(IPostBackEventHandler sourceControl, String eventArgument)
   en System.Web.UI.Page.RaisePostBackEvent(NameValueCollection postData)
   en System.Web.UI.Page.ProcessRequestMain(Boolean includeStagesBeforeAsyncPoint, Boolean includeStagesAfterAsyncPoint)
13:19:32: La clase base incluye el campo 'frmPrincipal', pero su tipo (System.Web.UI.HtmlControls.HtmlGenericControl) no es compatible con el tipo de control (System.Web.UI.HtmlControls.HtmlIframe).   en System.Web.Compilation.BaseTemplateCodeDomTreeGenerator.BuildFieldDeclaration(ControlBuilder builder)
   en System.Web.Compilation.BaseTemplateCodeDomTreeGenerator.BuildSourceDataTreeFromBuilder(ControlBuilder builder, Boolean fInTemplate, Boolean topLevelControlInTemplate, PropertyEntry pse)
   en System.Web.Compilation.BaseTemplateCodeDomTreeGenerator.BuildSourceDataTreeFromBuilder(ControlBuilder builder, Boolean fInTemplate, Boolean topLevelControlInTemplate, PropertyEntry pse)
   en System.Web.Compilation.BaseTemplateCodeDomTreeGenerator.BuildSourceDataTreeFromBuilder(ControlBuilder builder, Boolean fInTemplate, Boolean topLevelControlInTemplate, PropertyEntry pse)
   en System.Web.Compilation.TemplateControlCodeDomTreeGenerator.BuildMiscClassMembers()
   en System.Web.Compilation.PageCodeDomTreeGenerator.BuildMiscClassMembers()
   en System.Web.Compilation.BaseCodeDomTreeGenerator.BuildSourceDataTree()
   en System.Web.Compilation.BaseCodeDomTreeGenerator.GetCodeDomTree(CodeDomProvider codeDomProvider, StringResourceBuilder stringResourceBuilder, VirtualPath virtualPath)
   en System.Web.Compilation.BaseTemplateBuildProvider.GenerateCode(AssemblyBuilder assemblyBuilder)
   en System.Web.Compilation.AssemblyBuilder.AddBuildProvider(BuildProvider buildProvider)
14:1:48: La clase base incluye el campo 'frmPrincipal', pero su tipo (System.Web.UI.HtmlControls.HtmlGenericControl) no es compatible con el tipo de control (System.Web.UI.HtmlControls.HtmlIframe).   en System.Web.Compilation.BaseTemplateCodeDomTreeGenerator.BuildFieldDeclaration(ControlBuilder builder)
   en System.Web.Compilation.BaseTemplateCodeDomTreeGenerator.BuildSourceDataTreeFromBuilder(ControlBuilder builder, Boolean fInTemplate, Boolean topLevelControlInTemplate, PropertyEntry pse)
   en System.Web.Compilation.BaseTemplateCodeDomTreeGenerator.BuildSourceDataTreeFromBuilder(ControlBuilder builder, Boolean fInTemplate, Boolean topLevelControlInTemplate, PropertyEntry pse)
   en System.Web.Compilation.BaseTemplateCodeDomTreeGenerator.BuildSourceDataTreeFromBuilder(ControlBuilder builder, Boolean fInTemplate, Boolean topLevelControlInTemplate, PropertyEntry pse)
   en System.Web.Compilation.TemplateControlCodeDomTreeGenerator.BuildMiscClassMembers()
   en System.Web.Compilation.PageCodeDomTreeGenerator.BuildMiscClassMembers()
   en System.Web.Compilation.BaseCodeDomTreeGenerator.BuildSourceDataTree()
   en System.Web.Compilation.BaseCodeDomTreeGenerator.GetCodeDomTree(CodeDomProvider codeDomProvider, StringResourceBuilder stringResourceBuilder, VirtualPath virtualPath)
   en System.Web.Compilation.BaseTemplateBuildProvider.GenerateCode(AssemblyBuilder assemblyBuilder)
   en System.Web.Compilation.AssemblyBuilder.AddBuildProvider(BuildProvider buildProvider)
