13:37:2: Referencia a objeto no establecida como instancia de un objeto.   en ASP.portal_pages_welcome_aspx.get_IsClub100Enabled() en C:\Users\josenunez\Documents\Proyectos Univisit\RateManagerCss\RateManagerCss\RateManagerCss\Portal\Pages\Welcome.aspx:línea 59
   en ASP.portal_pages_welcome_aspx.__RenderForm1(HtmlTextWriter __w, Control parameterContainer) en C:\Users\josenunez\Documents\Proyectos Univisit\RateManagerCss\RateManagerCss\RateManagerCss\Portal\Pages\Welcome.aspx:línea 347
   en System.Web.UI.Control.RenderChildrenInternal(HtmlTextWriter writer, ICollection children)
   en System.Web.UI.HtmlControls.HtmlForm.RenderChildren(HtmlTextWriter writer)
   en System.Web.UI.HtmlControls.HtmlContainerControl.Render(HtmlTextWriter writer)
   en System.Web.UI.HtmlControls.HtmlForm.Render(HtmlTextWriter output)
   en System.Web.UI.Control.RenderControlInternal(HtmlTextWriter writer, ControlAdapter adapter)
   en System.Web.UI.Control.RenderControl(HtmlTextWriter writer, ControlAdapter adapter)
   en System.Web.UI.HtmlControls.HtmlForm.RenderControl(HtmlTextWriter writer)
   en ASP.portal_pages_welcome_aspx.__Render__control1(HtmlTextWriter __w, Control parameterContainer) en C:\Users\josenunez\Documents\Proyectos Univisit\RateManagerCss\RateManagerCss\RateManagerCss\Portal\Pages\Welcome.aspx:línea 300
   en System.Web.UI.Control.RenderChildrenInternal(HtmlTextWriter writer, ICollection children)
   en System.Web.UI.Control.RenderChildren(HtmlTextWriter writer)
   en System.Web.UI.Page.Render(HtmlTextWriter writer)
   en RateManager.PaginaBase.Render(HtmlTextWriter writer) en C:\Users\josenunez\Documents\Proyectos Univisit\RateManagerCss\RateManagerCss\RateManagerCss\PaginaBasePss.vb:línea 1248
   en System.Web.UI.Control.RenderControlInternal(HtmlTextWriter writer, ControlAdapter adapter)
   en System.Web.UI.Control.RenderControl(HtmlTextWriter writer, ControlAdapter adapter)
   en System.Web.UI.Control.RenderControl(HtmlTextWriter writer)
   en System.Web.UI.Page.ProcessRequestMain(Boolean includeStagesBeforeAsyncPoint, Boolean includeStagesAfterAsyncPoint)
13:37:21: Referencia a objeto no establecida como instancia de un objeto.   en ASP.portal_pages_welcome_aspx.get_IsClub100Enabled() en C:\Users\josenunez\Documents\Proyectos Univisit\RateManagerCss\RateManagerCss\RateManagerCss\Portal\Pages\Welcome.aspx:línea 59
   en ASP.portal_pages_welcome_aspx.__RenderForm1(HtmlTextWriter __w, Control parameterContainer) en C:\Users\josenunez\Documents\Proyectos Univisit\RateManagerCss\RateManagerCss\RateManagerCss\Portal\Pages\Welcome.aspx:línea 347
   en System.Web.UI.Control.RenderChildrenInternal(HtmlTextWriter writer, ICollection children)
   en System.Web.UI.HtmlControls.HtmlForm.RenderChildren(HtmlTextWriter writer)
   en System.Web.UI.HtmlControls.HtmlContainerControl.Render(HtmlTextWriter writer)
   en System.Web.UI.HtmlControls.HtmlForm.Render(HtmlTextWriter output)
   en System.Web.UI.Control.RenderControlInternal(HtmlTextWriter writer, ControlAdapter adapter)
   en System.Web.UI.Control.RenderControl(HtmlTextWriter writer, ControlAdapter adapter)
   en System.Web.UI.HtmlControls.HtmlForm.RenderControl(HtmlTextWriter writer)
   en ASP.portal_pages_welcome_aspx.__Render__control1(HtmlTextWriter __w, Control parameterContainer) en C:\Users\josenunez\Documents\Proyectos Univisit\RateManagerCss\RateManagerCss\RateManagerCss\Portal\Pages\Welcome.aspx:línea 300
   en System.Web.UI.Control.RenderChildrenInternal(HtmlTextWriter writer, ICollection children)
   en System.Web.UI.Control.RenderChildren(HtmlTextWriter writer)
   en System.Web.UI.Page.Render(HtmlTextWriter writer)
   en RateManager.PaginaBase.Render(HtmlTextWriter writer) en C:\Users\josenunez\Documents\Proyectos Univisit\RateManagerCss\RateManagerCss\RateManagerCss\PaginaBasePss.vb:línea 1248
   en System.Web.UI.Control.RenderControlInternal(HtmlTextWriter writer, ControlAdapter adapter)
   en System.Web.UI.Control.RenderControl(HtmlTextWriter writer, ControlAdapter adapter)
   en System.Web.UI.Control.RenderControl(HtmlTextWriter writer)
   en System.Web.UI.Page.ProcessRequestMain(Boolean includeStagesBeforeAsyncPoint, Boolean includeStagesAfterAsyncPoint)
13:44:37: Referencia a objeto no establecida como instancia de un objeto.   en ASP.portal_pages_welcome_aspx.get_IsClub100Enabled() en C:\Users\josenunez\Documents\Proyectos Univisit\RateManagerCss\RateManagerCss\RateManagerCss\Portal\Pages\Welcome.aspx:línea 59
   en ASP.portal_pages_welcome_aspx.__RenderForm1(HtmlTextWriter __w, Control parameterContainer) en C:\Users\josenunez\Documents\Proyectos Univisit\RateManagerCss\RateManagerCss\RateManagerCss\Portal\Pages\Welcome.aspx:línea 347
   en System.Web.UI.Control.RenderChildrenInternal(HtmlTextWriter writer, ICollection children)
   en System.Web.UI.HtmlControls.HtmlForm.RenderChildren(HtmlTextWriter writer)
   en System.Web.UI.HtmlControls.HtmlContainerControl.Render(HtmlTextWriter writer)
   en System.Web.UI.HtmlControls.HtmlForm.Render(HtmlTextWriter output)
   en System.Web.UI.Control.RenderControlInternal(HtmlTextWriter writer, ControlAdapter adapter)
   en System.Web.UI.Control.RenderControl(HtmlTextWriter writer, ControlAdapter adapter)
   en System.Web.UI.HtmlControls.HtmlForm.RenderControl(HtmlTextWriter writer)
   en ASP.portal_pages_welcome_aspx.__Render__control1(HtmlTextWriter __w, Control parameterContainer) en C:\Users\josenunez\Documents\Proyectos Univisit\RateManagerCss\RateManagerCss\RateManagerCss\Portal\Pages\Welcome.aspx:línea 300
   en System.Web.UI.Control.RenderChildrenInternal(HtmlTextWriter writer, ICollection children)
   en System.Web.UI.Control.RenderChildren(HtmlTextWriter writer)
   en System.Web.UI.Page.Render(HtmlTextWriter writer)
   en RateManager.PaginaBase.Render(HtmlTextWriter writer) en C:\Users\josenunez\Documents\Proyectos Univisit\RateManagerCss\RateManagerCss\RateManagerCss\PaginaBasePss.vb:línea 1248
   en System.Web.UI.Control.RenderControlInternal(HtmlTextWriter writer, ControlAdapter adapter)
   en System.Web.UI.Control.RenderControl(HtmlTextWriter writer, ControlAdapter adapter)
   en System.Web.UI.Control.RenderControl(HtmlTextWriter writer)
   en System.Web.UI.Page.ProcessRequestMain(Boolean includeStagesBeforeAsyncPoint, Boolean includeStagesAfterAsyncPoint)
13:45:1: La clase base incluye el campo 'frmPrincipal', pero su tipo (System.Web.UI.HtmlControls.HtmlGenericControl) no es compatible con el tipo de control (System.Web.UI.HtmlControls.HtmlIframe).   en System.Web.Compilation.BaseTemplateCodeDomTreeGenerator.BuildFieldDeclaration(ControlBuilder builder)
   en System.Web.Compilation.BaseTemplateCodeDomTreeGenerator.BuildSourceDataTreeFromBuilder(ControlBuilder builder, Boolean fInTemplate, Boolean topLevelControlInTemplate, PropertyEntry pse)
   en System.Web.Compilation.BaseTemplateCodeDomTreeGenerator.BuildSourceDataTreeFromBuilder(ControlBuilder builder, Boolean fInTemplate, Boolean topLevelControlInTemplate, PropertyEntry pse)
   en System.Web.Compilation.BaseTemplateCodeDomTreeGenerator.BuildSourceDataTreeFromBuilder(ControlBuilder builder, Boolean fInTemplate, Boolean topLevelControlInTemplate, PropertyEntry pse)
   en System.Web.Compilation.TemplateControlCodeDomTreeGenerator.BuildMiscClassMembers()
   en System.Web.Compilation.PageCodeDomTreeGenerator.BuildMiscClassMembers()
   en System.Web.Compilation.BaseCodeDomTreeGenerator.BuildSourceDataTree()
   en System.Web.Compilation.BaseCodeDomTreeGenerator.GetCodeDomTree(CodeDomProvider codeDomProvider, StringResourceBuilder stringResourceBuilder, VirtualPath virtualPath)
   en System.Web.Compilation.BaseTemplateBuildProvider.GenerateCode(AssemblyBuilder assemblyBuilder)
   en System.Web.Compilation.AssemblyBuilder.AddBuildProvider(BuildProvider buildProvider)
13:49:10: Referencia a objeto no establecida como instancia de un objeto.   en ASP.portal_pages_welcome_aspx.get_IsClub100Enabled() en C:\Users\josenunez\Documents\Proyectos Univisit\RateManagerCss\RateManagerCss\RateManagerCss\Portal\Pages\Welcome.aspx:línea 59
   en ASP.portal_pages_welcome_aspx.__RenderForm1(HtmlTextWriter __w, Control parameterContainer) en C:\Users\josenunez\Documents\Proyectos Univisit\RateManagerCss\RateManagerCss\RateManagerCss\Portal\Pages\Welcome.aspx:línea 347
   en System.Web.UI.Control.RenderChildrenInternal(HtmlTextWriter writer, ICollection children)
   en System.Web.UI.HtmlControls.HtmlForm.RenderChildren(HtmlTextWriter writer)
   en System.Web.UI.HtmlControls.HtmlContainerControl.Render(HtmlTextWriter writer)
   en System.Web.UI.HtmlControls.HtmlForm.Render(HtmlTextWriter output)
   en System.Web.UI.Control.RenderControlInternal(HtmlTextWriter writer, ControlAdapter adapter)
   en System.Web.UI.Control.RenderControl(HtmlTextWriter writer, ControlAdapter adapter)
   en System.Web.UI.HtmlControls.HtmlForm.RenderControl(HtmlTextWriter writer)
   en ASP.portal_pages_welcome_aspx.__Render__control1(HtmlTextWriter __w, Control parameterContainer) en C:\Users\josenunez\Documents\Proyectos Univisit\RateManagerCss\RateManagerCss\RateManagerCss\Portal\Pages\Welcome.aspx:línea 300
   en System.Web.UI.Control.RenderChildrenInternal(HtmlTextWriter writer, ICollection children)
   en System.Web.UI.Control.RenderChildren(HtmlTextWriter writer)
   en System.Web.UI.Page.Render(HtmlTextWriter writer)
   en RateManager.PaginaBase.Render(HtmlTextWriter writer) en C:\Users\josenunez\Documents\Proyectos Univisit\RateManagerCss\RateManagerCss\RateManagerCss\PaginaBasePss.vb:línea 1248
   en System.Web.UI.Control.RenderControlInternal(HtmlTextWriter writer, ControlAdapter adapter)
   en System.Web.UI.Control.RenderControl(HtmlTextWriter writer, ControlAdapter adapter)
   en System.Web.UI.Control.RenderControl(HtmlTextWriter writer)
   en System.Web.UI.Page.ProcessRequestMain(Boolean includeStagesBeforeAsyncPoint, Boolean includeStagesAfterAsyncPoint)
13:50:9: La clase base incluye el campo 'frmPrincipal', pero su tipo (System.Web.UI.HtmlControls.HtmlGenericControl) no es compatible con el tipo de control (System.Web.UI.HtmlControls.HtmlIframe).   en System.Web.Compilation.BaseTemplateCodeDomTreeGenerator.BuildFieldDeclaration(ControlBuilder builder)
   en System.Web.Compilation.BaseTemplateCodeDomTreeGenerator.BuildSourceDataTreeFromBuilder(ControlBuilder builder, Boolean fInTemplate, Boolean topLevelControlInTemplate, PropertyEntry pse)
   en System.Web.Compilation.BaseTemplateCodeDomTreeGenerator.BuildSourceDataTreeFromBuilder(ControlBuilder builder, Boolean fInTemplate, Boolean topLevelControlInTemplate, PropertyEntry pse)
   en System.Web.Compilation.BaseTemplateCodeDomTreeGenerator.BuildSourceDataTreeFromBuilder(ControlBuilder builder, Boolean fInTemplate, Boolean topLevelControlInTemplate, PropertyEntry pse)
   en System.Web.Compilation.TemplateControlCodeDomTreeGenerator.BuildMiscClassMembers()
   en System.Web.Compilation.PageCodeDomTreeGenerator.BuildMiscClassMembers()
   en System.Web.Compilation.BaseCodeDomTreeGenerator.BuildSourceDataTree()
   en System.Web.Compilation.BaseCodeDomTreeGenerator.GetCodeDomTree(CodeDomProvider codeDomProvider, StringResourceBuilder stringResourceBuilder, VirtualPath virtualPath)
   en System.Web.Compilation.BaseTemplateBuildProvider.GenerateCode(AssemblyBuilder assemblyBuilder)
   en System.Web.Compilation.AssemblyBuilder.AddBuildProvider(BuildProvider buildProvider)
14:41:53: Error relacionado con la red o específico de la instancia mientras se establecía una conexión con el servidor SQL Server. No se encontró el servidor o éste no estaba accesible. Compruebe que el nombre de la instancia es correcto y que SQL Server está configurado para admitir conexiones remotas. (provider: Named Pipes Provider, error: 40 - No se pudo abrir una conexión con SQL Server)   en System.Data.ProviderBase.DbConnectionPool.TryGetConnection(DbConnection owningObject, UInt32 waitForMultipleObjectsTimeout, Boolean allowCreate, Boolean onlyOneCheckConnection, DbConnectionOptions userOptions, DbConnectionInternal& connection)
   en System.Data.ProviderBase.DbConnectionPool.TryGetConnection(DbConnection owningObject, TaskCompletionSource`1 retry, DbConnectionOptions userOptions, DbConnectionInternal& connection)
   en System.Data.ProviderBase.DbConnectionFactory.TryGetConnection(DbConnection owningConnection, TaskCompletionSource`1 retry, DbConnectionOptions userOptions, DbConnectionInternal oldConnection, DbConnectionInternal& connection)
   en System.Data.ProviderBase.DbConnectionInternal.TryOpenConnectionInternal(DbConnection outerConnection, DbConnectionFactory connectionFactory, TaskCompletionSource`1 retry, DbConnectionOptions userOptions)
   en System.Data.ProviderBase.DbConnectionClosed.TryOpenConnection(DbConnection outerConnection, DbConnectionFactory connectionFactory, TaskCompletionSource`1 retry, DbConnectionOptions userOptions)
   en System.Data.SqlClient.SqlConnection.TryOpenInner(TaskCompletionSource`1 retry)
   en System.Data.SqlClient.SqlConnection.TryOpen(TaskCompletionSource`1 retry)
   en System.Data.SqlClient.SqlConnection.Open()
   en System.Data.Common.DbDataAdapter.FillInternal(DataSet dataset, DataTable[] datatables, Int32 startRecord, Int32 maxRecords, String srcTable, IDbCommand command, CommandBehavior behavior)
   en System.Data.Common.DbDataAdapter.Fill(DataSet dataSet, Int32 startRecord, Int32 maxRecords, String srcTable, IDbCommand command, CommandBehavior behavior)
   en System.Data.Common.DbDataAdapter.Fill(DataSet dataSet)
   en RateManager.ctrlSearchCompany.loadEstadosByidPais(String idPais) en C:\Users\josenunez\Documents\Proyectos Univisit\RateManagerCss\RateManagerCss\RateManagerCss\Portal\Modules\ctrlSearchCompany.ascx.vb:línea 117
   en RateManager.ctrlSearchCompany.fillDropDownsList() en C:\Users\josenunez\Documents\Proyectos Univisit\RateManagerCss\RateManagerCss\RateManagerCss\Portal\Modules\ctrlSearchCompany.ascx.vb:línea 80
   en RateManager.ctrlSearchCompany.Page_Load(Object sender, EventArgs e) en C:\Users\josenunez\Documents\Proyectos Univisit\RateManagerCss\RateManagerCss\RateManagerCss\Portal\Modules\ctrlSearchCompany.ascx.vb:línea 48
   en System.Web.UI.Control.OnLoad(EventArgs e)
   en System.Web.UI.Control.LoadRecursive()
   en System.Web.UI.Control.LoadRecursive()
   en System.Web.UI.Control.LoadRecursive()
   en System.Web.UI.Page.ProcessRequestMain(Boolean includeStagesBeforeAsyncPoint, Boolean includeStagesAfterAsyncPoint)
14:50:37: Error relacionado con la red o específico de la instancia mientras se establecía una conexión con el servidor SQL Server. No se encontró el servidor o éste no estaba accesible. Compruebe que el nombre de la instancia es correcto y que SQL Server está configurado para admitir conexiones remotas. (provider: Named Pipes Provider, error: 40 - No se pudo abrir una conexión con SQL Server)   en System.Data.ProviderBase.DbConnectionPool.TryGetConnection(DbConnection owningObject, UInt32 waitForMultipleObjectsTimeout, Boolean allowCreate, Boolean onlyOneCheckConnection, DbConnectionOptions userOptions, DbConnectionInternal& connection)
   en System.Data.ProviderBase.DbConnectionPool.TryGetConnection(DbConnection owningObject, TaskCompletionSource`1 retry, DbConnectionOptions userOptions, DbConnectionInternal& connection)
   en System.Data.ProviderBase.DbConnectionFactory.TryGetConnection(DbConnection owningConnection, TaskCompletionSource`1 retry, DbConnectionOptions userOptions, DbConnectionInternal oldConnection, DbConnectionInternal& connection)
   en System.Data.ProviderBase.DbConnectionInternal.TryOpenConnectionInternal(DbConnection outerConnection, DbConnectionFactory connectionFactory, TaskCompletionSource`1 retry, DbConnectionOptions userOptions)
   en System.Data.ProviderBase.DbConnectionClosed.TryOpenConnection(DbConnection outerConnection, DbConnectionFactory connectionFactory, TaskCompletionSource`1 retry, DbConnectionOptions userOptions)
   en System.Data.SqlClient.SqlConnection.TryOpenInner(TaskCompletionSource`1 retry)
   en System.Data.SqlClient.SqlConnection.TryOpen(TaskCompletionSource`1 retry)
   en System.Data.SqlClient.SqlConnection.Open()
   en System.Data.Common.DbDataAdapter.FillInternal(DataSet dataset, DataTable[] datatables, Int32 startRecord, Int32 maxRecords, String srcTable, IDbCommand command, CommandBehavior behavior)
   en System.Data.Common.DbDataAdapter.Fill(DataSet dataSet, Int32 startRecord, Int32 maxRecords, String srcTable, IDbCommand command, CommandBehavior behavior)
   en System.Data.Common.DbDataAdapter.Fill(DataSet dataSet)
   en RateManager.ctrlSearchCompany.loadEstadosByidPais(String idPais) en C:\Users\josenunez\Documents\Proyectos Univisit\RateManagerCss\RateManagerCss\RateManagerCss\Portal\Modules\ctrlSearchCompany.ascx.vb:línea 117
   en RateManager.ctrlSearchCompany.fillDropDownsList() en C:\Users\josenunez\Documents\Proyectos Univisit\RateManagerCss\RateManagerCss\RateManagerCss\Portal\Modules\ctrlSearchCompany.ascx.vb:línea 80
   en RateManager.ctrlSearchCompany.Page_Load(Object sender, EventArgs e) en C:\Users\josenunez\Documents\Proyectos Univisit\RateManagerCss\RateManagerCss\RateManagerCss\Portal\Modules\ctrlSearchCompany.ascx.vb:línea 48
   en System.Web.UI.Control.OnLoad(EventArgs e)
   en System.Web.UI.Control.LoadRecursive()
   en System.Web.UI.Control.LoadRecursive()
   en System.Web.UI.Control.LoadRecursive()
   en System.Web.UI.Page.ProcessRequestMain(Boolean includeStagesBeforeAsyncPoint, Boolean includeStagesAfterAsyncPoint)
